<?xml version="1.0"?>
<link_info>
   <banner>MSP430 Linker PC v4.4.3</banner>
   <copyright>Copyright (c) 2003-2015 Texas Instruments Incorporated</copyright>
   <link_time>0x552eb6f7</link_time>
   <link_errors>0x0</link_errors>
   <output_file>Practica3_1.out</output_file>
   <entry_point>
      <name>_c_int00_noargs_noexit</name>
      <address>0x5e58</address>
   </entry_point>
   <input_file_list>
      <input_file id="fl-2">
         <path>.\</path>
         <kind>object</kind>
         <file>Practica_03 PAE2.obj</file>
         <name>Practica_03 PAE2.obj</name>
      </input_file>
      <input_file id="fl-3">
         <path>.\</path>
         <kind>object</kind>
         <file>hal_lcd.obj</file>
         <name>hal_lcd.obj</name>
      </input_file>
      <input_file id="fl-33">
         <path>C:\ti\ccsv6\tools\compiler\ti-cgt-msp430_4.4.3\lib\</path>
         <kind>archive</kind>
         <file>rts430x_lc_rd.lib</file>
         <name>boot.obj</name>
      </input_file>
      <input_file id="fl-34">
         <path>C:\ti\ccsv6\tools\compiler\ti-cgt-msp430_4.4.3\lib\</path>
         <kind>archive</kind>
         <file>rts430x_lc_rd.lib</file>
         <name>boot_special.obj</name>
      </input_file>
      <input_file id="fl-35">
         <path>C:\ti\ccsv6\tools\compiler\ti-cgt-msp430_4.4.3\lib\</path>
         <kind>archive</kind>
         <file>rts430x_lc_rd.lib</file>
         <name>copy_decompress_none.obj</name>
      </input_file>
      <input_file id="fl-36">
         <path>C:\ti\ccsv6\tools\compiler\ti-cgt-msp430_4.4.3\lib\</path>
         <kind>archive</kind>
         <file>rts430x_lc_rd.lib</file>
         <name>copy_decompress_rle.obj</name>
      </input_file>
      <input_file id="fl-37">
         <path>C:\ti\ccsv6\tools\compiler\ti-cgt-msp430_4.4.3\lib\</path>
         <kind>archive</kind>
         <file>rts430x_lc_rd.lib</file>
         <name>copy_zero_init.obj</name>
      </input_file>
      <input_file id="fl-38">
         <path>C:\ti\ccsv6\tools\compiler\ti-cgt-msp430_4.4.3\lib\</path>
         <kind>archive</kind>
         <file>rts430x_lc_rd.lib</file>
         <name>div16u.obj</name>
      </input_file>
      <input_file id="fl-39">
         <path>C:\ti\ccsv6\tools\compiler\ti-cgt-msp430_4.4.3\lib\</path>
         <kind>archive</kind>
         <file>rts430x_lc_rd.lib</file>
         <name>exit.obj</name>
      </input_file>
      <input_file id="fl-3a">
         <path>C:\ti\ccsv6\tools\compiler\ti-cgt-msp430_4.4.3\lib\</path>
         <kind>archive</kind>
         <file>rts430x_lc_rd.lib</file>
         <name>int41.obj</name>
      </input_file>
      <input_file id="fl-3b">
         <path>C:\ti\ccsv6\tools\compiler\ti-cgt-msp430_4.4.3\lib\</path>
         <kind>archive</kind>
         <file>rts430x_lc_rd.lib</file>
         <name>int43.obj</name>
      </input_file>
      <input_file id="fl-3c">
         <path>C:\ti\ccsv6\tools\compiler\ti-cgt-msp430_4.4.3\lib\</path>
         <kind>archive</kind>
         <file>rts430x_lc_rd.lib</file>
         <name>int44.obj</name>
      </input_file>
      <input_file id="fl-3d">
         <path>C:\ti\ccsv6\tools\compiler\ti-cgt-msp430_4.4.3\lib\</path>
         <kind>archive</kind>
         <file>rts430x_lc_rd.lib</file>
         <name>int45.obj</name>
      </input_file>
      <input_file id="fl-3e">
         <path>C:\ti\ccsv6\tools\compiler\ti-cgt-msp430_4.4.3\lib\</path>
         <kind>archive</kind>
         <file>rts430x_lc_rd.lib</file>
         <name>int46.obj</name>
      </input_file>
      <input_file id="fl-3f">
         <path>C:\ti\ccsv6\tools\compiler\ti-cgt-msp430_4.4.3\lib\</path>
         <kind>archive</kind>
         <file>rts430x_lc_rd.lib</file>
         <name>int47.obj</name>
      </input_file>
      <input_file id="fl-40">
         <path>C:\ti\ccsv6\tools\compiler\ti-cgt-msp430_4.4.3\lib\</path>
         <kind>archive</kind>
         <file>rts430x_lc_rd.lib</file>
         <name>int48.obj</name>
      </input_file>
      <input_file id="fl-41">
         <path>C:\ti\ccsv6\tools\compiler\ti-cgt-msp430_4.4.3\lib\</path>
         <kind>archive</kind>
         <file>rts430x_lc_rd.lib</file>
         <name>int50.obj</name>
      </input_file>
      <input_file id="fl-42">
         <path>C:\ti\ccsv6\tools\compiler\ti-cgt-msp430_4.4.3\lib\</path>
         <kind>archive</kind>
         <file>rts430x_lc_rd.lib</file>
         <name>int51.obj</name>
      </input_file>
      <input_file id="fl-43">
         <path>C:\ti\ccsv6\tools\compiler\ti-cgt-msp430_4.4.3\lib\</path>
         <kind>archive</kind>
         <file>rts430x_lc_rd.lib</file>
         <name>int52.obj</name>
      </input_file>
      <input_file id="fl-44">
         <path>C:\ti\ccsv6\tools\compiler\ti-cgt-msp430_4.4.3\lib\</path>
         <kind>archive</kind>
         <file>rts430x_lc_rd.lib</file>
         <name>int53.obj</name>
      </input_file>
      <input_file id="fl-45">
         <path>C:\ti\ccsv6\tools\compiler\ti-cgt-msp430_4.4.3\lib\</path>
         <kind>archive</kind>
         <file>rts430x_lc_rd.lib</file>
         <name>int54.obj</name>
      </input_file>
      <input_file id="fl-46">
         <path>C:\ti\ccsv6\tools\compiler\ti-cgt-msp430_4.4.3\lib\</path>
         <kind>archive</kind>
         <file>rts430x_lc_rd.lib</file>
         <name>int55.obj</name>
      </input_file>
      <input_file id="fl-47">
         <path>C:\ti\ccsv6\tools\compiler\ti-cgt-msp430_4.4.3\lib\</path>
         <kind>archive</kind>
         <file>rts430x_lc_rd.lib</file>
         <name>int56.obj</name>
      </input_file>
      <input_file id="fl-48">
         <path>C:\ti\ccsv6\tools\compiler\ti-cgt-msp430_4.4.3\lib\</path>
         <kind>archive</kind>
         <file>rts430x_lc_rd.lib</file>
         <name>int57.obj</name>
      </input_file>
      <input_file id="fl-49">
         <path>C:\ti\ccsv6\tools\compiler\ti-cgt-msp430_4.4.3\lib\</path>
         <kind>archive</kind>
         <file>rts430x_lc_rd.lib</file>
         <name>int58.obj</name>
      </input_file>
      <input_file id="fl-4a">
         <path>C:\ti\ccsv6\tools\compiler\ti-cgt-msp430_4.4.3\lib\</path>
         <kind>archive</kind>
         <file>rts430x_lc_rd.lib</file>
         <name>int59.obj</name>
      </input_file>
      <input_file id="fl-4b">
         <path>C:\ti\ccsv6\tools\compiler\ti-cgt-msp430_4.4.3\lib\</path>
         <kind>archive</kind>
         <file>rts430x_lc_rd.lib</file>
         <name>int60.obj</name>
      </input_file>
      <input_file id="fl-4c">
         <path>C:\ti\ccsv6\tools\compiler\ti-cgt-msp430_4.4.3\lib\</path>
         <kind>archive</kind>
         <file>rts430x_lc_rd.lib</file>
         <name>int61.obj</name>
      </input_file>
      <input_file id="fl-4d">
         <path>C:\ti\ccsv6\tools\compiler\ti-cgt-msp430_4.4.3\lib\</path>
         <kind>archive</kind>
         <file>rts430x_lc_rd.lib</file>
         <name>int62.obj</name>
      </input_file>
      <input_file id="fl-4e">
         <path>C:\ti\ccsv6\tools\compiler\ti-cgt-msp430_4.4.3\lib\</path>
         <kind>archive</kind>
         <file>rts430x_lc_rd.lib</file>
         <name>isr_trap.obj</name>
      </input_file>
      <input_file id="fl-4f">
         <path>C:\ti\ccsv6\tools\compiler\ti-cgt-msp430_4.4.3\lib\</path>
         <kind>archive</kind>
         <file>rts430x_lc_rd.lib</file>
         <name>lsl16.obj</name>
      </input_file>
      <input_file id="fl-50">
         <path>C:\ti\ccsv6\tools\compiler\ti-cgt-msp430_4.4.3\lib\</path>
         <kind>archive</kind>
         <file>rts430x_lc_rd.lib</file>
         <name>memcpy.obj</name>
      </input_file>
      <input_file id="fl-51">
         <path>C:\ti\ccsv6\tools\compiler\ti-cgt-msp430_4.4.3\lib\</path>
         <kind>archive</kind>
         <file>rts430x_lc_rd.lib</file>
         <name>mpu_init.obj</name>
      </input_file>
      <input_file id="fl-52">
         <path>C:\ti\ccsv6\tools\compiler\ti-cgt-msp430_4.4.3\lib\</path>
         <kind>archive</kind>
         <file>rts430x_lc_rd.lib</file>
         <name>mult16.obj</name>
      </input_file>
      <input_file id="fl-53">
         <path>C:\ti\ccsv6\tools\compiler\ti-cgt-msp430_4.4.3\lib\</path>
         <kind>archive</kind>
         <file>rts430x_lc_rd.lib</file>
         <name>pre_init.obj</name>
      </input_file>
      <input_file id="fl-54">
         <path>C:\ti\ccsv6\tools\compiler\ti-cgt-msp430_4.4.3\lib\</path>
         <kind>archive</kind>
         <file>rts430x_lc_rd.lib</file>
         <name>sprintf.obj</name>
      </input_file>
      <input_file id="fl-55">
         <path>C:\ti\ccsv6\tools\compiler\ti-cgt-msp430_4.4.3\lib\</path>
         <kind>archive</kind>
         <file>rts430x_lc_rd.lib</file>
         <name>_lock.obj</name>
      </input_file>
      <input_file id="fl-56">
         <path>C:\ti\ccsv6\tools\compiler\ti-cgt-msp430_4.4.3\lib\</path>
         <kind>archive</kind>
         <file>rts430x_lc_rd.lib</file>
         <name>_printfi.obj</name>
      </input_file>
      <input_file id="fl-57">
         <path>C:\ti\ccsv6\tools\compiler\ti-cgt-msp430_4.4.3\lib\</path>
         <kind>archive</kind>
         <file>rts430x_lc_rd.lib</file>
         <name>args_main.obj</name>
      </input_file>
      <input_file id="fl-58">
         <path>C:\ti\ccsv6\tools\compiler\ti-cgt-msp430_4.4.3\lib\</path>
         <kind>archive</kind>
         <file>rts430x_lc_rd.lib</file>
         <name>atoi.obj</name>
      </input_file>
      <input_file id="fl-59">
         <path>C:\ti\ccsv6\tools\compiler\ti-cgt-msp430_4.4.3\lib\</path>
         <kind>archive</kind>
         <file>rts430x_lc_rd.lib</file>
         <name>autoinit_wdt.obj</name>
      </input_file>
      <input_file id="fl-5a">
         <path>C:\ti\ccsv6\tools\compiler\ti-cgt-msp430_4.4.3\lib\</path>
         <kind>archive</kind>
         <file>rts430x_lc_rd.lib</file>
         <name>ctype.obj</name>
      </input_file>
      <input_file id="fl-5b">
         <path>C:\ti\ccsv6\tools\compiler\ti-cgt-msp430_4.4.3\lib\</path>
         <kind>archive</kind>
         <file>rts430x_lc_rd.lib</file>
         <name>div32u.obj</name>
      </input_file>
      <input_file id="fl-5c">
         <path>C:\ti\ccsv6\tools\compiler\ti-cgt-msp430_4.4.3\lib\</path>
         <kind>archive</kind>
         <file>rts430x_lc_rd.lib</file>
         <name>div64u.obj</name>
      </input_file>
      <input_file id="fl-5d">
         <path>C:\ti\ccsv6\tools\compiler\ti-cgt-msp430_4.4.3\lib\</path>
         <kind>archive</kind>
         <file>rts430x_lc_rd.lib</file>
         <name>frexp.obj</name>
      </input_file>
      <input_file id="fl-5e">
         <path>C:\ti\ccsv6\tools\compiler\ti-cgt-msp430_4.4.3\lib\</path>
         <kind>archive</kind>
         <file>rts430x_lc_rd.lib</file>
         <name>fs_add.obj</name>
      </input_file>
      <input_file id="fl-5f">
         <path>C:\ti\ccsv6\tools\compiler\ti-cgt-msp430_4.4.3\lib\</path>
         <kind>archive</kind>
         <file>rts430x_lc_rd.lib</file>
         <name>fs_cmp.obj</name>
      </input_file>
      <input_file id="fl-60">
         <path>C:\ti\ccsv6\tools\compiler\ti-cgt-msp430_4.4.3\lib\</path>
         <kind>archive</kind>
         <file>rts430x_lc_rd.lib</file>
         <name>fs_div.obj</name>
      </input_file>
      <input_file id="fl-61">
         <path>C:\ti\ccsv6\tools\compiler\ti-cgt-msp430_4.4.3\lib\</path>
         <kind>archive</kind>
         <file>rts430x_lc_rd.lib</file>
         <name>fs_itof.obj</name>
      </input_file>
      <input_file id="fl-62">
         <path>C:\ti\ccsv6\tools\compiler\ti-cgt-msp430_4.4.3\lib\</path>
         <kind>archive</kind>
         <file>rts430x_lc_rd.lib</file>
         <name>fs_ltof.obj</name>
      </input_file>
      <input_file id="fl-63">
         <path>C:\ti\ccsv6\tools\compiler\ti-cgt-msp430_4.4.3\lib\</path>
         <kind>archive</kind>
         <file>rts430x_lc_rd.lib</file>
         <name>fs_mpy.obj</name>
      </input_file>
      <input_file id="fl-64">
         <path>C:\ti\ccsv6\tools\compiler\ti-cgt-msp430_4.4.3\lib\</path>
         <kind>archive</kind>
         <file>rts430x_lc_rd.lib</file>
         <name>fs_neg.obj</name>
      </input_file>
      <input_file id="fl-65">
         <path>C:\ti\ccsv6\tools\compiler\ti-cgt-msp430_4.4.3\lib\</path>
         <kind>archive</kind>
         <file>rts430x_lc_rd.lib</file>
         <name>fs_toi.obj</name>
      </input_file>
      <input_file id="fl-66">
         <path>C:\ti\ccsv6\tools\compiler\ti-cgt-msp430_4.4.3\lib\</path>
         <kind>archive</kind>
         <file>rts430x_lc_rd.lib</file>
         <name>fs_tol.obj</name>
      </input_file>
      <input_file id="fl-67">
         <path>C:\ti\ccsv6\tools\compiler\ti-cgt-msp430_4.4.3\lib\</path>
         <kind>archive</kind>
         <file>rts430x_lc_rd.lib</file>
         <name>ldexp.obj</name>
      </input_file>
      <input_file id="fl-68">
         <path>C:\ti\ccsv6\tools\compiler\ti-cgt-msp430_4.4.3\lib\</path>
         <kind>archive</kind>
         <file>rts430x_lc_rd.lib</file>
         <name>lsl64.obj</name>
      </input_file>
      <input_file id="fl-69">
         <path>C:\ti\ccsv6\tools\compiler\ti-cgt-msp430_4.4.3\lib\</path>
         <kind>archive</kind>
         <file>rts430x_lc_rd.lib</file>
         <name>lsr32.obj</name>
      </input_file>
      <input_file id="fl-6a">
         <path>C:\ti\ccsv6\tools\compiler\ti-cgt-msp430_4.4.3\lib\</path>
         <kind>archive</kind>
         <file>rts430x_lc_rd.lib</file>
         <name>lsr64.obj</name>
      </input_file>
      <input_file id="fl-6b">
         <path>C:\ti\ccsv6\tools\compiler\ti-cgt-msp430_4.4.3\lib\</path>
         <kind>archive</kind>
         <file>rts430x_lc_rd.lib</file>
         <name>ltoa.obj</name>
      </input_file>
      <input_file id="fl-6c">
         <path>C:\ti\ccsv6\tools\compiler\ti-cgt-msp430_4.4.3\lib\</path>
         <kind>archive</kind>
         <file>rts430x_lc_rd.lib</file>
         <name>memccpy.obj</name>
      </input_file>
      <input_file id="fl-6d">
         <path>C:\ti\ccsv6\tools\compiler\ti-cgt-msp430_4.4.3\lib\</path>
         <kind>archive</kind>
         <file>rts430x_lc_rd.lib</file>
         <name>memset.obj</name>
      </input_file>
      <input_file id="fl-6e">
         <path>C:\ti\ccsv6\tools\compiler\ti-cgt-msp430_4.4.3\lib\</path>
         <kind>archive</kind>
         <file>rts430x_lc_rd.lib</file>
         <name>strchr.obj</name>
      </input_file>
      <input_file id="fl-6f">
         <path>C:\ti\ccsv6\tools\compiler\ti-cgt-msp430_4.4.3\lib\</path>
         <kind>archive</kind>
         <file>rts430x_lc_rd.lib</file>
         <name>strlen.obj</name>
      </input_file>
      <input_file id="fl-70">
         <path>C:\ti\ccsv6\tools\compiler\ti-cgt-msp430_4.4.3\lib\</path>
         <kind>archive</kind>
         <file>rts430x_lc_rd.lib</file>
         <name>toupper.obj</name>
      </input_file>
      <input_file id="fl-71">
         <path>C:\ti\ccsv6\tools\compiler\ti-cgt-msp430_4.4.3\lib\</path>
         <kind>archive</kind>
         <file>rts430x_lc_rd.lib</file>
         <name>xdscale.obj</name>
      </input_file>
      <input_file id="fl-72">
         <path>C:\ti\ccsv6\tools\compiler\ti-cgt-msp430_4.4.3\lib\</path>
         <kind>archive</kind>
         <file>rts430x_lc_rd.lib</file>
         <name>xdunscal.obj</name>
      </input_file>
      <input_file id="fl-73">
         <path>C:\ti\ccsv6\tools\compiler\ti-cgt-msp430_4.4.3\lib\</path>
         <kind>archive</kind>
         <file>rts430x_lc_rd.lib</file>
         <name>xfdclass.obj</name>
      </input_file>
      <input_file id="fl-74">
         <path>C:\ti\ccsv6\tools\compiler\ti-cgt-msp430_4.4.3\lib\</path>
         <kind>archive</kind>
         <file>rts430x_lc_rd.lib</file>
         <name>xfdscale.obj</name>
      </input_file>
      <input_file id="fl-75">
         <path>C:\ti\ccsv6\tools\compiler\ti-cgt-msp430_4.4.3\lib\</path>
         <kind>archive</kind>
         <file>rts430x_lc_rd.lib</file>
         <name>xfdunsca.obj</name>
      </input_file>
      <input_file id="fl-76">
         <path>C:\ti\ccsv6\tools\compiler\ti-cgt-msp430_4.4.3\lib\</path>
         <kind>archive</kind>
         <file>rts430x_lc_rd.lib</file>
         <name>xferaise.obj</name>
      </input_file>
      <input_file id="fl-77">
         <path>C:\ti\ccsv6\tools\compiler\ti-cgt-msp430_4.4.3\lib\</path>
         <kind>archive</kind>
         <file>rts430x_lc_rd.lib</file>
         <name>xfvalues.obj</name>
      </input_file>
      <input_file id="fl-78">
         <path>C:\ti\ccsv6\tools\compiler\ti-cgt-msp430_4.4.3\lib\</path>
         <kind>archive</kind>
         <file>rts430x_lc_rd.lib</file>
         <name>abs.obj</name>
      </input_file>
      <input_file id="fl-79">
         <path>C:\ti\ccsv6\tools\compiler\ti-cgt-msp430_4.4.3\lib\</path>
         <kind>archive</kind>
         <file>rts430x_lc_rd.lib</file>
         <name>div32s.obj</name>
      </input_file>
      <input_file id="fl-7a">
         <path>C:\ti\ccsv6\tools\compiler\ti-cgt-msp430_4.4.3\lib\</path>
         <kind>archive</kind>
         <file>rts430x_lc_rd.lib</file>
         <name>errno.obj</name>
      </input_file>
      <input_file id="fl-7b">
         <path>C:\ti\ccsv6\tools\compiler\ti-cgt-msp430_4.4.3\lib\</path>
         <kind>archive</kind>
         <file>rts430x_lc_rd.lib</file>
         <name>feraiseexcept.obj</name>
      </input_file>
      <input_file id="fl-7c">
         <path>C:\ti\ccsv6\tools\compiler\ti-cgt-msp430_4.4.3\lib\</path>
         <kind>archive</kind>
         <file>rts430x_lc_rd.lib</file>
         <name>lsr16.obj</name>
      </input_file>
      <input_file id="fl-7d">
         <path>C:\ti\ccsv6\tools\compiler\ti-cgt-msp430_4.4.3\lib\</path>
         <kind>archive</kind>
         <file>rts430x_lc_rd.lib</file>
         <name>raise.obj</name>
      </input_file>
      <input_file id="fl-7e">
         <path>C:\ti\ccsv6\tools\compiler\ti-cgt-msp430_4.4.3\lib\</path>
         <kind>archive</kind>
         <file>rts430x_lc_rd.lib</file>
         <name>signal.obj</name>
      </input_file>
      <input_file id="fl-7f">
         <path>C:\ti\ccsv6\tools\compiler\ti-cgt-msp430_4.4.3\lib\</path>
         <kind>archive</kind>
         <file>rts430x_lc_rd.lib</file>
         <name>xfdnorm.obj</name>
      </input_file>
   </input_file_list>
   <object_component_list>
      <object_component id="oc-8e">
         <name>.bss</name>
         <uninitialized>true</uninitialized>
         <run_address>0x2c38</run_address>
         <size>0x4a</size>
         <input_file_ref idref="fl-2"/>
      </object_component>
      <object_component id="oc-96">
         <name>.bss</name>
         <uninitialized>true</uninitialized>
         <run_address>0x1c00</run_address>
         <size>0xf20</size>
         <input_file_ref idref="fl-3"/>
      </object_component>
      <object_component id="oc-1c5">
         <name>.bss:_lock</name>
         <uninitialized>true</uninitialized>
         <run_address>0x2c8a</run_address>
         <size>0x4</size>
         <input_file_ref idref="fl-55"/>
      </object_component>
      <object_component id="oc-1cb">
         <name>.bss:_unlock</name>
         <uninitialized>true</uninitialized>
         <run_address>0x2c8e</run_address>
         <size>0x4</size>
         <input_file_ref idref="fl-55"/>
      </object_component>
      <object_component id="oc-18b">
         <name>.bss</name>
         <uninitialized>true</uninitialized>
         <run_address>0x2bd0</run_address>
         <size>0x68</size>
         <input_file_ref idref="fl-77"/>
      </object_component>
      <object_component id="oc-199">
         <name>.bss</name>
         <uninitialized>true</uninitialized>
         <run_address>0x2c92</run_address>
         <size>0x2</size>
         <input_file_ref idref="fl-7a"/>
      </object_component>
      <object_component id="oc-19d">
         <name>.bss</name>
         <uninitialized>true</uninitialized>
         <run_address>0x2c82</run_address>
         <size>0x8</size>
         <input_file_ref idref="fl-7b"/>
      </object_component>
      <object_component id="oc-1ae">
         <name>.bss</name>
         <uninitialized>true</uninitialized>
         <run_address>0x2b20</run_address>
         <size>0xb0</size>
         <input_file_ref idref="fl-7e"/>
      </object_component>
      <object_component id="oc-9e">
         <name>.stack</name>
         <uninitialized>true</uninitialized>
         <run_address>0x5b60</run_address>
         <size>0x4</size>
         <input_file_ref idref="fl-33"/>
      </object_component>
      <object_component id="oc-272">
         <name>.stack</name>
         <uninitialized>true</uninitialized>
         <run_address>0x5b60</run_address>
         <size>0x0</size>
      </object_component>
      <object_component id="oc-202">
         <name>.text:__divull</name>
         <load_address>0x10000</load_address>
         <run_address>0x10000</run_address>
         <size>0x39a</size>
         <input_file_ref idref="fl-5c"/>
      </object_component>
      <object_component id="oc-1e6">
         <name>.text:_setfield</name>
         <load_address>0x1039a</load_address>
         <run_address>0x1039a</run_address>
         <size>0x262</size>
         <input_file_ref idref="fl-56"/>
      </object_component>
      <object_component id="oc-1dc">
         <name>.text:__TI_printfi</name>
         <load_address>0x105fc</load_address>
         <run_address>0x105fc</run_address>
         <size>0x202</size>
         <input_file_ref idref="fl-56"/>
      </object_component>
      <object_component id="oc-1c3">
         <name>.text:main</name>
         <load_address>0x107fe</load_address>
         <run_address>0x107fe</run_address>
         <size>0x1d8</size>
         <input_file_ref idref="fl-2"/>
      </object_component>
      <object_component id="oc-1ee">
         <name>.text:_pproc_fgea</name>
         <load_address>0x109d6</load_address>
         <run_address>0x109d6</run_address>
         <size>0x1ba</size>
         <input_file_ref idref="fl-56"/>
      </object_component>
      <object_component id="oc-1f1">
         <name>.text:_getarg_diouxp</name>
         <load_address>0x10b90</load_address>
         <run_address>0x10b90</run_address>
         <size>0x188</size>
         <input_file_ref idref="fl-56"/>
      </object_component>
      <object_component id="oc-200">
         <name>.text:acvt</name>
         <load_address>0x10d18</load_address>
         <run_address>0x10d18</run_address>
         <size>0x184</size>
         <input_file_ref idref="fl-56"/>
      </object_component>
      <object_component id="oc-1fa">
         <name>.text:ecvt</name>
         <load_address>0x10e9c</load_address>
         <run_address>0x10e9c</run_address>
         <size>0x174</size>
         <input_file_ref idref="fl-56"/>
      </object_component>
      <object_component id="oc-1fd">
         <name>.text:fcvt</name>
         <load_address>0x11010</load_address>
         <run_address>0x11010</run_address>
         <size>0x162</size>
         <input_file_ref idref="fl-56"/>
      </object_component>
      <object_component id="oc-1f7">
         <name>.text:_pconv_e</name>
         <load_address>0x11172</load_address>
         <run_address>0x11172</run_address>
         <size>0x14a</size>
         <input_file_ref idref="fl-56"/>
      </object_component>
      <object_component id="oc-1ed">
         <name>.text:_pproc_diouxp</name>
         <load_address>0x112bc</load_address>
         <run_address>0x112bc</run_address>
         <size>0x148</size>
         <input_file_ref idref="fl-56"/>
      </object_component>
      <object_component id="oc-10f">
         <name>.text</name>
         <load_address>0x11404</load_address>
         <run_address>0x11404</run_address>
         <size>0x130</size>
         <input_file_ref idref="fl-5e"/>
      </object_component>
      <object_component id="oc-1f8">
         <name>.text:_pconv_a</name>
         <load_address>0x11534</load_address>
         <run_address>0x11534</run_address>
         <size>0x120</size>
         <input_file_ref idref="fl-56"/>
      </object_component>
      <object_component id="oc-210">
         <name>.text:_FDscale</name>
         <load_address>0x11654</load_address>
         <run_address>0x11654</run_address>
         <size>0x11c</size>
         <input_file_ref idref="fl-74"/>
      </object_component>
      <object_component id="oc-1e2">
         <name>.text:halLcdPrint</name>
         <load_address>0x11770</load_address>
         <run_address>0x11770</run_address>
         <size>0x106</size>
         <input_file_ref idref="fl-3"/>
      </object_component>
      <object_component id="oc-1e5">
         <name>.text:_pproc_fwp</name>
         <load_address>0x11876</load_address>
         <run_address>0x11876</run_address>
         <size>0xfa</size>
         <input_file_ref idref="fl-56"/>
      </object_component>
      <object_component id="oc-1f5">
         <name>.text:_pconv_g</name>
         <load_address>0x11970</load_address>
         <run_address>0x11970</run_address>
         <size>0xee</size>
         <input_file_ref idref="fl-56"/>
      </object_component>
      <object_component id="oc-128">
         <name>.text</name>
         <load_address>0x11a5e</load_address>
         <run_address>0x11a5e</run_address>
         <size>0xb6</size>
         <input_file_ref idref="fl-63"/>
      </object_component>
      <object_component id="oc-1e7">
         <name>.text:_pproc_str</name>
         <load_address>0x11b14</load_address>
         <run_address>0x11b14</run_address>
         <size>0xa8</size>
         <input_file_ref idref="fl-56"/>
      </object_component>
      <object_component id="oc-1f2">
         <name>.text:_ltostr</name>
         <load_address>0x11bbc</load_address>
         <run_address>0x11bbc</run_address>
         <size>0x9e</size>
         <input_file_ref idref="fl-56"/>
      </object_component>
      <object_component id="oc-1fb">
         <name>.text:_ecpy</name>
         <load_address>0x11c5a</load_address>
         <run_address>0x11c5a</run_address>
         <size>0x94</size>
         <input_file_ref idref="fl-56"/>
      </object_component>
      <object_component id="oc-1fc">
         <name>.text:_mcpy</name>
         <load_address>0x11cee</load_address>
         <run_address>0x11cee</run_address>
         <size>0x90</size>
         <input_file_ref idref="fl-56"/>
      </object_component>
      <object_component id="oc-1d4">
         <name>.text:halLcdInit</name>
         <load_address>0x11d7e</load_address>
         <run_address>0x11d7e</run_address>
         <size>0x8e</size>
         <input_file_ref idref="fl-3"/>
      </object_component>
      <object_component id="oc-119">
         <name>.text</name>
         <load_address>0x11e0c</load_address>
         <run_address>0x11e0c</run_address>
         <size>0x8e</size>
         <input_file_ref idref="fl-60"/>
      </object_component>
      <object_component id="oc-20f">
         <name>.text:_FDnorm</name>
         <load_address>0x11e9a</load_address>
         <run_address>0x11e9a</run_address>
         <size>0x8c</size>
         <input_file_ref idref="fl-7f"/>
      </object_component>
      <object_component id="oc-1f9">
         <name>.text:_div</name>
         <load_address>0x11f26</load_address>
         <run_address>0x11f26</run_address>
         <size>0x88</size>
         <input_file_ref idref="fl-56"/>
      </object_component>
      <object_component id="oc-203">
         <name>.text:ltoa</name>
         <load_address>0x11fae</load_address>
         <run_address>0x11fae</run_address>
         <size>0x80</size>
         <input_file_ref idref="fl-6b"/>
      </object_component>
      <object_component id="oc-137">
         <name>.text</name>
         <load_address>0x1202e</load_address>
         <run_address>0x1202e</run_address>
         <size>0x7e</size>
         <input_file_ref idref="fl-66"/>
      </object_component>
      <object_component id="oc-1bf">
         <name>.text:_auto_init_hold_wdt</name>
         <load_address>0x120ac</load_address>
         <run_address>0x120ac</run_address>
         <size>0x7a</size>
         <input_file_ref idref="fl-59"/>
      </object_component>
      <object_component id="oc-1e0">
         <name>.text:halLcdDrawCurrentBlock</name>
         <load_address>0x12126</load_address>
         <run_address>0x12126</run_address>
         <size>0x6c</size>
         <input_file_ref idref="fl-3"/>
      </object_component>
      <object_component id="oc-1f6">
         <name>.text:_pconv_f</name>
         <load_address>0x12192</load_address>
         <run_address>0x12192</run_address>
         <size>0x6a</size>
         <input_file_ref idref="fl-56"/>
      </object_component>
      <object_component id="oc-132">
         <name>.text</name>
         <load_address>0x121fc</load_address>
         <run_address>0x121fc</run_address>
         <size>0x68</size>
         <input_file_ref idref="fl-65"/>
      </object_component>
      <object_component id="oc-20b">
         <name>.text:_FDunscale</name>
         <load_address>0x12264</load_address>
         <run_address>0x12264</run_address>
         <size>0x64</size>
         <input_file_ref idref="fl-75"/>
      </object_component>
      <object_component id="oc-1eb">
         <name>.text:atoi</name>
         <load_address>0x122c8</load_address>
         <run_address>0x122c8</run_address>
         <size>0x62</size>
         <input_file_ref idref="fl-58"/>
      </object_component>
      <object_component id="oc-205">
         <name>.text:ldexp</name>
         <load_address>0x1232a</load_address>
         <run_address>0x1232a</run_address>
         <size>0x5c</size>
         <input_file_ref idref="fl-67"/>
      </object_component>
      <object_component id="oc-1cd">
         <name>.text:init_botons</name>
         <load_address>0x12386</load_address>
         <run_address>0x12386</run_address>
         <size>0x58</size>
         <input_file_ref idref="fl-2"/>
      </object_component>
      <object_component id="oc-100">
         <name>.text</name>
         <load_address>0x123de</load_address>
         <run_address>0x123de</run_address>
         <size>0x58</size>
         <input_file_ref idref="fl-5b"/>
      </object_component>
      <object_component id="oc-1fe">
         <name>.text:_fcpy</name>
         <load_address>0x12436</load_address>
         <run_address>0x12436</run_address>
         <size>0x4e</size>
         <input_file_ref idref="fl-56"/>
      </object_component>
      <object_component id="oc-114">
         <name>.text</name>
         <load_address>0x12484</load_address>
         <run_address>0x12484</run_address>
         <size>0x4a</size>
         <input_file_ref idref="fl-5f"/>
      </object_component>
      <object_component id="oc-123">
         <name>.text</name>
         <load_address>0x124ce</load_address>
         <run_address>0x124ce</run_address>
         <size>0x4a</size>
         <input_file_ref idref="fl-62"/>
      </object_component>
      <object_component id="oc-1e4">
         <name>.text:_pproc_fflags</name>
         <load_address>0x12518</load_address>
         <run_address>0x12518</run_address>
         <size>0x46</size>
         <input_file_ref idref="fl-56"/>
      </object_component>
      <object_component id="oc-1d6">
         <name>.text:halLcdSetBackLight</name>
         <load_address>0x1255e</load_address>
         <run_address>0x1255e</run_address>
         <size>0x46</size>
         <input_file_ref idref="fl-3"/>
      </object_component>
      <object_component id="oc-1d2">
         <name>.text:sprintf</name>
         <load_address>0x125a4</load_address>
         <run_address>0x125a4</run_address>
         <size>0x44</size>
         <input_file_ref idref="fl-54"/>
      </object_component>
      <object_component id="oc-1dd">
         <name>.text:halLcdSendCommand</name>
         <load_address>0x125e8</load_address>
         <run_address>0x125e8</run_address>
         <size>0x42</size>
         <input_file_ref idref="fl-3"/>
      </object_component>
      <object_component id="oc-194">
         <name>.text</name>
         <load_address>0x1262a</load_address>
         <run_address>0x1262a</run_address>
         <size>0x40</size>
         <input_file_ref idref="fl-79"/>
      </object_component>
      <object_component id="oc-207">
         <name>.text:incr_hex</name>
         <load_address>0x1266a</load_address>
         <run_address>0x1266a</run_address>
         <size>0x3e</size>
         <input_file_ref idref="fl-56"/>
      </object_component>
      <object_component id="oc-209">
         <name>.text:__lslll</name>
         <load_address>0x126a8</load_address>
         <run_address>0x126a8</run_address>
         <size>0x3a</size>
         <input_file_ref idref="fl-68"/>
      </object_component>
      <object_component id="oc-201">
         <name>.text:__lsrll</name>
         <load_address>0x126e2</load_address>
         <run_address>0x126e2</run_address>
         <size>0x3a</size>
         <input_file_ref idref="fl-6a"/>
      </object_component>
      <object_component id="oc-1f4">
         <name>.text:_FDclass</name>
         <load_address>0x1271c</load_address>
         <run_address>0x1271c</run_address>
         <size>0x38</size>
         <input_file_ref idref="fl-73"/>
      </object_component>
      <object_component id="oc-213">
         <name>.text:signal</name>
         <load_address>0x12754</load_address>
         <run_address>0x12754</run_address>
         <size>0x38</size>
         <input_file_ref idref="fl-7e"/>
      </object_component>
      <object_component id="oc-20d">
         <name>.text:_Feraise</name>
         <load_address>0x1278c</load_address>
         <run_address>0x1278c</run_address>
         <size>0x36</size>
         <input_file_ref idref="fl-76"/>
      </object_component>
      <object_component id="oc-11e">
         <name>.text</name>
         <load_address>0x127c2</load_address>
         <run_address>0x127c2</run_address>
         <size>0x36</size>
         <input_file_ref idref="fl-61"/>
      </object_component>
      <object_component id="oc-211">
         <name>.text:feraiseexcept</name>
         <load_address>0x127f8</load_address>
         <run_address>0x127f8</run_address>
         <size>0x34</size>
         <input_file_ref idref="fl-7b"/>
      </object_component>
      <object_component id="oc-1df">
         <name>.text:halLcdSetAddress</name>
         <load_address>0x1282c</load_address>
         <run_address>0x1282c</run_address>
         <size>0x34</size>
         <input_file_ref idref="fl-3"/>
      </object_component>
      <object_component id="oc-212">
         <name>.text:raise</name>
         <load_address>0x12860</load_address>
         <run_address>0x12860</run_address>
         <size>0x32</size>
         <input_file_ref idref="fl-7d"/>
      </object_component>
      <object_component id="oc-1ff">
         <name>.text:frexp</name>
         <load_address>0x12892</load_address>
         <run_address>0x12892</run_address>
         <size>0x30</size>
         <input_file_ref idref="fl-5d"/>
      </object_component>
      <object_component id="oc-1d5">
         <name>.text:halLcdBackLightInit</name>
         <load_address>0x128c2</load_address>
         <run_address>0x128c2</run_address>
         <size>0x2e</size>
         <input_file_ref idref="fl-3"/>
      </object_component>
      <object_component id="oc-1d8">
         <name>.text:halLcdClearScreen</name>
         <load_address>0x128f0</load_address>
         <run_address>0x128f0</run_address>
         <size>0x24</size>
         <input_file_ref idref="fl-3"/>
      </object_component>
      <object_component id="oc-1d9">
         <name>.text:halLcdPrintLine</name>
         <load_address>0x12914</load_address>
         <run_address>0x12914</run_address>
         <size>0x24</size>
         <input_file_ref idref="fl-3"/>
      </object_component>
      <object_component id="oc-1d7">
         <name>.text:halLcdSetContrast</name>
         <load_address>0x12938</load_address>
         <run_address>0x12938</run_address>
         <size>0x22</size>
         <input_file_ref idref="fl-3"/>
      </object_component>
      <object_component id="oc-1da">
         <name>.text:_outs</name>
         <load_address>0x1295a</load_address>
         <run_address>0x1295a</run_address>
         <size>0x20</size>
         <input_file_ref idref="fl-54"/>
      </object_component>
      <object_component id="oc-206">
         <name>.text:val_hex</name>
         <load_address>0x1297a</load_address>
         <run_address>0x1297a</run_address>
         <size>0x20</size>
         <input_file_ref idref="fl-56"/>
      </object_component>
      <object_component id="oc-1de">
         <name>.text:halLcdActive</name>
         <load_address>0x1299a</load_address>
         <run_address>0x1299a</run_address>
         <size>0x1e</size>
         <input_file_ref idref="fl-3"/>
      </object_component>
      <object_component id="oc-1ce">
         <name>.text:init_LCD</name>
         <load_address>0x129b8</load_address>
         <run_address>0x129b8</run_address>
         <size>0x1e</size>
         <input_file_ref idref="fl-2"/>
      </object_component>
      <object_component id="oc-1ef">
         <name>.text:memccpy</name>
         <load_address>0x129d6</load_address>
         <run_address>0x129d6</run_address>
         <size>0x1e</size>
         <input_file_ref idref="fl-6c"/>
      </object_component>
      <object_component id="oc-20e">
         <name>.text:strchr</name>
         <load_address>0x129f4</load_address>
         <run_address>0x129f4</run_address>
         <size>0x1c</size>
         <input_file_ref idref="fl-6e"/>
      </object_component>
      <object_component id="oc-1ec">
         <name>.text:memset</name>
         <load_address>0x12a10</load_address>
         <run_address>0x12a10</run_address>
         <size>0x16</size>
         <input_file_ref idref="fl-6d"/>
      </object_component>
      <object_component id="oc-b8">
         <name>.text</name>
         <load_address>0x12a26</load_address>
         <run_address>0x12a26</run_address>
         <size>0x16</size>
         <input_file_ref idref="fl-38"/>
      </object_component>
      <object_component id="oc-1db">
         <name>.text:_outc</name>
         <load_address>0x12a3c</load_address>
         <run_address>0x12a3c</run_address>
         <size>0x14</size>
         <input_file_ref idref="fl-54"/>
      </object_component>
      <object_component id="oc-1d0">
         <name>.text:config_A1_timer</name>
         <load_address>0x12a50</load_address>
         <run_address>0x12a50</run_address>
         <size>0x14</size>
         <input_file_ref idref="fl-2"/>
      </object_component>
      <object_component id="oc-1ba">
         <name>.text:memcpy</name>
         <load_address>0x12a64</load_address>
         <run_address>0x12a64</run_address>
         <size>0x14</size>
         <input_file_ref idref="fl-50"/>
      </object_component>
      <object_component id="oc-1e1">
         <name>.text</name>
         <load_address>0x12a78</load_address>
         <run_address>0x12a78</run_address>
         <size>0x14</size>
         <input_file_ref idref="fl-52"/>
      </object_component>
      <object_component id="oc-1f3">
         <name>.text:toupper</name>
         <load_address>0x12a8c</load_address>
         <run_address>0x12a8c</run_address>
         <size>0x12</size>
         <input_file_ref idref="fl-70"/>
      </object_component>
      <object_component id="oc-208">
         <name>.text:l_lsr</name>
         <load_address>0x12a9e</load_address>
         <run_address>0x12a9e</run_address>
         <size>0x10</size>
         <input_file_ref idref="fl-69"/>
      </object_component>
      <object_component id="oc-1ea">
         <name>.text:halLcdDrawBlock</name>
         <load_address>0x12aae</load_address>
         <run_address>0x12aae</run_address>
         <size>0xe</size>
         <input_file_ref idref="fl-3"/>
      </object_component>
      <object_component id="oc-1e3">
         <name>.text:strlen</name>
         <load_address>0x12abc</load_address>
         <run_address>0x12abc</run_address>
         <size>0xe</size>
         <input_file_ref idref="fl-6f"/>
      </object_component>
      <object_component id="oc-20a">
         <name>.text:abs</name>
         <load_address>0x12aca</load_address>
         <run_address>0x12aca</run_address>
         <size>0xa</size>
         <input_file_ref idref="fl-78"/>
      </object_component>
      <object_component id="oc-1cf">
         <name>.text:config_P4_LEDS</name>
         <load_address>0x12ad4</load_address>
         <run_address>0x12ad4</run_address>
         <size>0xa</size>
         <input_file_ref idref="fl-2"/>
      </object_component>
      <object_component id="oc-12d">
         <name>.text</name>
         <load_address>0x12ade</load_address>
         <run_address>0x12ade</run_address>
         <size>0xa</size>
         <input_file_ref idref="fl-64"/>
      </object_component>
      <object_component id="oc-c7">
         <name>.text</name>
         <load_address>0x12ae8</load_address>
         <run_address>0x12ae8</run_address>
         <size>0xa</size>
         <input_file_ref idref="fl-4f"/>
      </object_component>
      <object_component id="oc-1a4">
         <name>.text</name>
         <load_address>0x12af2</load_address>
         <run_address>0x12af2</run_address>
         <size>0xa</size>
         <input_file_ref idref="fl-7c"/>
      </object_component>
      <object_component id="oc-1d1">
         <name>.text:escribir</name>
         <load_address>0x12afc</load_address>
         <run_address>0x12afc</run_address>
         <size>0x8</size>
         <input_file_ref idref="fl-2"/>
      </object_component>
      <object_component id="oc-20c">
         <name>.text:_Dscale</name>
         <load_address>0x12b04</load_address>
         <run_address>0x12b04</run_address>
         <size>0x4</size>
         <input_file_ref idref="fl-71"/>
      </object_component>
      <object_component id="oc-204">
         <name>.text:_Dunscale</name>
         <load_address>0x12b08</load_address>
         <run_address>0x12b08</run_address>
         <size>0x4</size>
         <input_file_ref idref="fl-72"/>
      </object_component>
      <object_component id="oc-1be">
         <name>.text:_system_pre_init</name>
         <load_address>0x12b0c</load_address>
         <run_address>0x12b0c</run_address>
         <size>0x4</size>
         <input_file_ref idref="fl-53"/>
      </object_component>
      <object_component id="oc-1c4">
         <name>.text:abort</name>
         <load_address>0x12b10</load_address>
         <run_address>0x12b10</run_address>
         <size>0x4</size>
         <input_file_ref idref="fl-39"/>
      </object_component>
      <object_component id="oc-1d3">
         <name>.text:_nop</name>
         <load_address>0x12b14</load_address>
         <run_address>0x12b14</run_address>
         <size>0x2</size>
         <input_file_ref idref="fl-55"/>
      </object_component>
      <object_component id="oc-1bc">
         <name>.text:_isr:Port2_ISR</name>
         <load_address>0x5dbc</load_address>
         <run_address>0x5dbc</run_address>
         <size>0x9c</size>
         <input_file_ref idref="fl-2"/>
      </object_component>
      <object_component id="oc-88">
         <name>.text:_isr:_c_int00_noargs_noexit</name>
         <load_address>0x5e58</load_address>
         <run_address>0x5e58</run_address>
         <size>0x1a</size>
         <input_file_ref idref="fl-34"/>
      </object_component>
      <object_component id="oc-1bd">
         <name>.text:_isr:Timer1_ISR</name>
         <load_address>0x5e72</load_address>
         <run_address>0x5e72</run_address>
         <size>0xa</size>
         <input_file_ref idref="fl-2"/>
      </object_component>
      <object_component id="oc-c2">
         <name>.text:_isr:__TI_ISR_TRAP</name>
         <load_address>0x5e7c</load_address>
         <run_address>0x5e7c</run_address>
         <size>0x6</size>
         <input_file_ref idref="fl-4e"/>
      </object_component>
      <object_component id="oc-98">
         <name>.cinit</name>
         <load_address>0x5c00</load_address>
         <run_address>0x5c00</run_address>
         <size>0xb5</size>
         <input_file_ref idref="fl-3"/>
      </object_component>
      <object_component id="oc-90">
         <name>.cinit</name>
         <load_address>0x5cb6</load_address>
         <run_address>0x5cb6</run_address>
         <size>0x7a</size>
         <input_file_ref idref="fl-2"/>
      </object_component>
      <object_component id="oc-18d">
         <name>.cinit</name>
         <load_address>0x5d30</load_address>
         <run_address>0x5d30</run_address>
         <size>0x50</size>
         <input_file_ref idref="fl-77"/>
      </object_component>
      <object_component id="oc-19f">
         <name>.cinit</name>
         <load_address>0x5d80</load_address>
         <run_address>0x5d80</run_address>
         <size>0x14</size>
         <input_file_ref idref="fl-7b"/>
      </object_component>
      <object_component id="oc-1c6">
         <name>.cinit:_lock</name>
         <load_address>0x5d94</load_address>
         <run_address>0x5d94</run_address>
         <size>0xa</size>
         <input_file_ref idref="fl-55"/>
      </object_component>
      <object_component id="oc-1cc">
         <name>.cinit:_unlock</name>
         <load_address>0x5d9e</load_address>
         <run_address>0x5d9e</run_address>
         <size>0xa</size>
         <input_file_ref idref="fl-55"/>
      </object_component>
      <object_component id="oc-1b0">
         <name>.cinit</name>
         <load_address>0x5da8</load_address>
         <run_address>0x5da8</run_address>
         <size>0xa</size>
         <input_file_ref idref="fl-7e"/>
      </object_component>
      <object_component id="oc-19b">
         <name>.cinit</name>
         <load_address>0x5db2</load_address>
         <run_address>0x5db2</run_address>
         <size>0x8</size>
         <input_file_ref idref="fl-7a"/>
      </object_component>
      <object_component id="oc-1e9">
         <name>.const:fonts</name>
         <load_address>0x5e82</load_address>
         <run_address>0x5e82</run_address>
         <size>0x854</size>
         <input_file_ref idref="fl-3"/>
      </object_component>
      <object_component id="oc-1f0">
         <name>.const:.string:_ctypes_</name>
         <load_address>0x66d6</load_address>
         <run_address>0x66d6</run_address>
         <size>0x101</size>
         <input_file_ref idref="fl-5a"/>
      </object_component>
      <object_component id="oc-1e8">
         <name>.const:.string:fonts_lookup</name>
         <load_address>0x67d8</load_address>
         <run_address>0x67d8</run_address>
         <size>0x89</size>
         <input_file_ref idref="fl-3"/>
      </object_component>
      <object_component id="oc-91">
         <name>.const:.string</name>
         <load_address>0x6862</load_address>
         <run_address>0x6862</run_address>
         <size>0x50</size>
         <input_file_ref idref="fl-2"/>
      </object_component>
      <object_component id="oc-ea">
         <name>.const:.string</name>
         <load_address>0x68b2</load_address>
         <run_address>0x68b2</run_address>
         <size>0x26</size>
         <input_file_ref idref="fl-56"/>
      </object_component>
      <object_component id="oc-6d">
         <name>.int41</name>
         <load_address>0xffd2</load_address>
         <run_address>0xffd2</run_address>
         <size>0x2</size>
         <input_file_ref idref="fl-3a"/>
      </object_component>
      <object_component id="oc-6e">
         <name>.int42</name>
         <load_address>0xffd4</load_address>
         <run_address>0xffd4</run_address>
         <size>0x2</size>
         <input_file_ref idref="fl-2"/>
      </object_component>
      <object_component id="oc-6f">
         <name>.int43</name>
         <load_address>0xffd6</load_address>
         <run_address>0xffd6</run_address>
         <size>0x2</size>
         <input_file_ref idref="fl-3b"/>
      </object_component>
      <object_component id="oc-70">
         <name>.int44</name>
         <load_address>0xffd8</load_address>
         <run_address>0xffd8</run_address>
         <size>0x2</size>
         <input_file_ref idref="fl-3c"/>
      </object_component>
      <object_component id="oc-71">
         <name>.int45</name>
         <load_address>0xffda</load_address>
         <run_address>0xffda</run_address>
         <size>0x2</size>
         <input_file_ref idref="fl-3d"/>
      </object_component>
      <object_component id="oc-72">
         <name>.int46</name>
         <load_address>0xffdc</load_address>
         <run_address>0xffdc</run_address>
         <size>0x2</size>
         <input_file_ref idref="fl-3e"/>
      </object_component>
      <object_component id="oc-73">
         <name>.int47</name>
         <load_address>0xffde</load_address>
         <run_address>0xffde</run_address>
         <size>0x2</size>
         <input_file_ref idref="fl-3f"/>
      </object_component>
      <object_component id="oc-74">
         <name>.int48</name>
         <load_address>0xffe0</load_address>
         <run_address>0xffe0</run_address>
         <size>0x2</size>
         <input_file_ref idref="fl-40"/>
      </object_component>
      <object_component id="oc-75">
         <name>.int49</name>
         <load_address>0xffe2</load_address>
         <run_address>0xffe2</run_address>
         <size>0x2</size>
         <input_file_ref idref="fl-2"/>
      </object_component>
      <object_component id="oc-76">
         <name>.int50</name>
         <load_address>0xffe4</load_address>
         <run_address>0xffe4</run_address>
         <size>0x2</size>
         <input_file_ref idref="fl-41"/>
      </object_component>
      <object_component id="oc-77">
         <name>.int51</name>
         <load_address>0xffe6</load_address>
         <run_address>0xffe6</run_address>
         <size>0x2</size>
         <input_file_ref idref="fl-42"/>
      </object_component>
      <object_component id="oc-78">
         <name>.int52</name>
         <load_address>0xffe8</load_address>
         <run_address>0xffe8</run_address>
         <size>0x2</size>
         <input_file_ref idref="fl-43"/>
      </object_component>
      <object_component id="oc-79">
         <name>.int53</name>
         <load_address>0xffea</load_address>
         <run_address>0xffea</run_address>
         <size>0x2</size>
         <input_file_ref idref="fl-44"/>
      </object_component>
      <object_component id="oc-7a">
         <name>.int54</name>
         <load_address>0xffec</load_address>
         <run_address>0xffec</run_address>
         <size>0x2</size>
         <input_file_ref idref="fl-45"/>
      </object_component>
      <object_component id="oc-7b">
         <name>.int55</name>
         <load_address>0xffee</load_address>
         <run_address>0xffee</run_address>
         <size>0x2</size>
         <input_file_ref idref="fl-46"/>
      </object_component>
      <object_component id="oc-7c">
         <name>.int56</name>
         <load_address>0xfff0</load_address>
         <run_address>0xfff0</run_address>
         <size>0x2</size>
         <input_file_ref idref="fl-47"/>
      </object_component>
      <object_component id="oc-7d">
         <name>.int57</name>
         <load_address>0xfff2</load_address>
         <run_address>0xfff2</run_address>
         <size>0x2</size>
         <input_file_ref idref="fl-48"/>
      </object_component>
      <object_component id="oc-7e">
         <name>.int58</name>
         <load_address>0xfff4</load_address>
         <run_address>0xfff4</run_address>
         <size>0x2</size>
         <input_file_ref idref="fl-49"/>
      </object_component>
      <object_component id="oc-7f">
         <name>.int59</name>
         <load_address>0xfff6</load_address>
         <run_address>0xfff6</run_address>
         <size>0x2</size>
         <input_file_ref idref="fl-4a"/>
      </object_component>
      <object_component id="oc-80">
         <name>.int60</name>
         <load_address>0xfff8</load_address>
         <run_address>0xfff8</run_address>
         <size>0x2</size>
         <input_file_ref idref="fl-4b"/>
      </object_component>
      <object_component id="oc-81">
         <name>.int61</name>
         <load_address>0xfffa</load_address>
         <run_address>0xfffa</run_address>
         <size>0x2</size>
         <input_file_ref idref="fl-4c"/>
      </object_component>
      <object_component id="oc-82">
         <name>.int62</name>
         <load_address>0xfffc</load_address>
         <run_address>0xfffc</run_address>
         <size>0x2</size>
         <input_file_ref idref="fl-4d"/>
      </object_component>
      <object_component id="oc-9f">
         <name>.reset</name>
         <load_address>0xfffe</load_address>
         <run_address>0xfffe</run_address>
         <size>0x2</size>
         <input_file_ref idref="fl-33"/>
      </object_component>
      <object_component id="oc-8f">
         <name>.debug_info</name>
         <load_address>0x0</load_address>
         <run_address>0x0</run_address>
         <size>0xb8b</size>
         <input_file_ref idref="fl-2"/>
      </object_component>
      <object_component id="oc-97">
         <name>.debug_info</name>
         <load_address>0xb8b</load_address>
         <run_address>0xb8b</run_address>
         <size>0xfd8</size>
         <input_file_ref idref="fl-3"/>
      </object_component>
      <object_component id="oc-9d">
         <name>.debug_info</name>
         <load_address>0x1b63</load_address>
         <run_address>0x1b63</run_address>
         <size>0x2a0</size>
         <input_file_ref idref="fl-33"/>
      </object_component>
      <object_component id="oc-a4">
         <name>.debug_info</name>
         <load_address>0x1e03</load_address>
         <run_address>0x1e03</run_address>
         <size>0x362</size>
         <input_file_ref idref="fl-34"/>
      </object_component>
      <object_component id="oc-a9">
         <name>.debug_info</name>
         <load_address>0x2165</load_address>
         <run_address>0x2165</run_address>
         <size>0x2b8</size>
         <input_file_ref idref="fl-35"/>
      </object_component>
      <object_component id="oc-ae">
         <name>.debug_info</name>
         <load_address>0x241d</load_address>
         <run_address>0x241d</run_address>
         <size>0x258</size>
         <input_file_ref idref="fl-36"/>
      </object_component>
      <object_component id="oc-b3">
         <name>.debug_info</name>
         <load_address>0x2675</load_address>
         <run_address>0x2675</run_address>
         <size>0x25c</size>
         <input_file_ref idref="fl-37"/>
      </object_component>
      <object_component id="oc-b9">
         <name>.debug_info</name>
         <load_address>0x28d1</load_address>
         <run_address>0x28d1</run_address>
         <size>0xea</size>
         <input_file_ref idref="fl-38"/>
      </object_component>
      <object_component id="oc-bd">
         <name>.debug_info</name>
         <load_address>0x29bb</load_address>
         <run_address>0x29bb</run_address>
         <size>0x2ce</size>
         <input_file_ref idref="fl-39"/>
      </object_component>
      <object_component id="oc-c3">
         <name>.debug_info</name>
         <load_address>0x2c89</load_address>
         <run_address>0x2c89</run_address>
         <size>0xe6</size>
         <input_file_ref idref="fl-4e"/>
      </object_component>
      <object_component id="oc-c8">
         <name>.debug_info</name>
         <load_address>0x2d6f</load_address>
         <run_address>0x2d6f</run_address>
         <size>0xe7</size>
         <input_file_ref idref="fl-4f"/>
      </object_component>
      <object_component id="oc-cc">
         <name>.debug_info</name>
         <load_address>0x2e56</load_address>
         <run_address>0x2e56</run_address>
         <size>0x2e1</size>
         <input_file_ref idref="fl-50"/>
      </object_component>
      <object_component id="oc-d1">
         <name>.debug_info</name>
         <load_address>0x3137</load_address>
         <run_address>0x3137</run_address>
         <size>0x2a8</size>
         <input_file_ref idref="fl-51"/>
      </object_component>
      <object_component id="oc-d6">
         <name>.debug_info</name>
         <load_address>0x33df</load_address>
         <run_address>0x33df</run_address>
         <size>0xea</size>
         <input_file_ref idref="fl-52"/>
      </object_component>
      <object_component id="oc-da">
         <name>.debug_info</name>
         <load_address>0x34c9</load_address>
         <run_address>0x34c9</run_address>
         <size>0x25b</size>
         <input_file_ref idref="fl-53"/>
      </object_component>
      <object_component id="oc-df">
         <name>.debug_info</name>
         <load_address>0x3724</load_address>
         <run_address>0x3724</run_address>
         <size>0x4fb</size>
         <input_file_ref idref="fl-54"/>
      </object_component>
      <object_component id="oc-e4">
         <name>.debug_info</name>
         <load_address>0x3c1f</load_address>
         <run_address>0x3c1f</run_address>
         <size>0x27c</size>
         <input_file_ref idref="fl-55"/>
      </object_component>
      <object_component id="oc-e9">
         <name>.debug_info</name>
         <load_address>0x3e9b</load_address>
         <run_address>0x3e9b</run_address>
         <size>0x2466</size>
         <input_file_ref idref="fl-56"/>
      </object_component>
      <object_component id="oc-ef">
         <name>.debug_info</name>
         <load_address>0x6301</load_address>
         <run_address>0x6301</run_address>
         <size>0x2bb</size>
         <input_file_ref idref="fl-57"/>
      </object_component>
      <object_component id="oc-f4">
         <name>.debug_info</name>
         <load_address>0x65bc</load_address>
         <run_address>0x65bc</run_address>
         <size>0x2d4</size>
         <input_file_ref idref="fl-58"/>
      </object_component>
      <object_component id="oc-f9">
         <name>.debug_info</name>
         <load_address>0x6890</load_address>
         <run_address>0x6890</run_address>
         <size>0x3ef</size>
         <input_file_ref idref="fl-59"/>
      </object_component>
      <object_component id="oc-fe">
         <name>.debug_info</name>
         <load_address>0x6c7f</load_address>
         <run_address>0x6c7f</run_address>
         <size>0x1b9</size>
         <input_file_ref idref="fl-5a"/>
      </object_component>
      <object_component id="oc-101">
         <name>.debug_info</name>
         <load_address>0x6e38</load_address>
         <run_address>0x6e38</run_address>
         <size>0xec</size>
         <input_file_ref idref="fl-5b"/>
      </object_component>
      <object_component id="oc-105">
         <name>.debug_info</name>
         <load_address>0x6f24</load_address>
         <run_address>0x6f24</run_address>
         <size>0x414</size>
         <input_file_ref idref="fl-5c"/>
      </object_component>
      <object_component id="oc-10a">
         <name>.debug_info</name>
         <load_address>0x7338</load_address>
         <run_address>0x7338</run_address>
         <size>0x2ea</size>
         <input_file_ref idref="fl-5d"/>
      </object_component>
      <object_component id="oc-110">
         <name>.debug_info</name>
         <load_address>0x7622</load_address>
         <run_address>0x7622</run_address>
         <size>0xee</size>
         <input_file_ref idref="fl-5e"/>
      </object_component>
      <object_component id="oc-115">
         <name>.debug_info</name>
         <load_address>0x7710</load_address>
         <run_address>0x7710</run_address>
         <size>0xfa</size>
         <input_file_ref idref="fl-5f"/>
      </object_component>
      <object_component id="oc-11a">
         <name>.debug_info</name>
         <load_address>0x780a</load_address>
         <run_address>0x780a</run_address>
         <size>0xee</size>
         <input_file_ref idref="fl-60"/>
      </object_component>
      <object_component id="oc-11f">
         <name>.debug_info</name>
         <load_address>0x78f8</load_address>
         <run_address>0x78f8</run_address>
         <size>0xf7</size>
         <input_file_ref idref="fl-61"/>
      </object_component>
      <object_component id="oc-124">
         <name>.debug_info</name>
         <load_address>0x79ef</load_address>
         <run_address>0x79ef</run_address>
         <size>0xf7</size>
         <input_file_ref idref="fl-62"/>
      </object_component>
      <object_component id="oc-129">
         <name>.debug_info</name>
         <load_address>0x7ae6</load_address>
         <run_address>0x7ae6</run_address>
         <size>0xee</size>
         <input_file_ref idref="fl-63"/>
      </object_component>
      <object_component id="oc-12e">
         <name>.debug_info</name>
         <load_address>0x7bd4</load_address>
         <run_address>0x7bd4</run_address>
         <size>0xee</size>
         <input_file_ref idref="fl-64"/>
      </object_component>
      <object_component id="oc-133">
         <name>.debug_info</name>
         <load_address>0x7cc2</load_address>
         <run_address>0x7cc2</run_address>
         <size>0x100</size>
         <input_file_ref idref="fl-65"/>
      </object_component>
      <object_component id="oc-138">
         <name>.debug_info</name>
         <load_address>0x7dc2</load_address>
         <run_address>0x7dc2</run_address>
         <size>0x100</size>
         <input_file_ref idref="fl-66"/>
      </object_component>
      <object_component id="oc-13c">
         <name>.debug_info</name>
         <load_address>0x7ec2</load_address>
         <run_address>0x7ec2</run_address>
         <size>0x325</size>
         <input_file_ref idref="fl-67"/>
      </object_component>
      <object_component id="oc-141">
         <name>.debug_info</name>
         <load_address>0x81e7</load_address>
         <run_address>0x81e7</run_address>
         <size>0x282</size>
         <input_file_ref idref="fl-68"/>
      </object_component>
      <object_component id="oc-146">
         <name>.debug_info</name>
         <load_address>0x8469</load_address>
         <run_address>0x8469</run_address>
         <size>0xe7</size>
         <input_file_ref idref="fl-69"/>
      </object_component>
      <object_component id="oc-14a">
         <name>.debug_info</name>
         <load_address>0x8550</load_address>
         <run_address>0x8550</run_address>
         <size>0x282</size>
         <input_file_ref idref="fl-6a"/>
      </object_component>
      <object_component id="oc-14f">
         <name>.debug_info</name>
         <load_address>0x87d2</load_address>
         <run_address>0x87d2</run_address>
         <size>0x397</size>
         <input_file_ref idref="fl-6b"/>
      </object_component>
      <object_component id="oc-154">
         <name>.debug_info</name>
         <load_address>0x8b69</load_address>
         <run_address>0x8b69</run_address>
         <size>0x2de</size>
         <input_file_ref idref="fl-6c"/>
      </object_component>
      <object_component id="oc-159">
         <name>.debug_info</name>
         <load_address>0x8e47</load_address>
         <run_address>0x8e47</run_address>
         <size>0x369</size>
         <input_file_ref idref="fl-6d"/>
      </object_component>
      <object_component id="oc-15e">
         <name>.debug_info</name>
         <load_address>0x91b0</load_address>
         <run_address>0x91b0</run_address>
         <size>0x357</size>
         <input_file_ref idref="fl-6e"/>
      </object_component>
      <object_component id="oc-163">
         <name>.debug_info</name>
         <load_address>0x9507</load_address>
         <run_address>0x9507</run_address>
         <size>0x315</size>
         <input_file_ref idref="fl-6f"/>
      </object_component>
      <object_component id="oc-168">
         <name>.debug_info</name>
         <load_address>0x981c</load_address>
         <run_address>0x981c</run_address>
         <size>0x299</size>
         <input_file_ref idref="fl-70"/>
      </object_component>
      <object_component id="oc-16d">
         <name>.debug_info</name>
         <load_address>0x9ab5</load_address>
         <run_address>0x9ab5</run_address>
         <size>0x2a7</size>
         <input_file_ref idref="fl-71"/>
      </object_component>
      <object_component id="oc-172">
         <name>.debug_info</name>
         <load_address>0x9d5c</load_address>
         <run_address>0x9d5c</run_address>
         <size>0x2b3</size>
         <input_file_ref idref="fl-72"/>
      </object_component>
      <object_component id="oc-177">
         <name>.debug_info</name>
         <load_address>0xa00f</load_address>
         <run_address>0xa00f</run_address>
         <size>0x2a4</size>
         <input_file_ref idref="fl-73"/>
      </object_component>
      <object_component id="oc-17c">
         <name>.debug_info</name>
         <load_address>0xa2b3</load_address>
         <run_address>0xa2b3</run_address>
         <size>0x3dc</size>
         <input_file_ref idref="fl-74"/>
      </object_component>
      <object_component id="oc-181">
         <name>.debug_info</name>
         <load_address>0xa68f</load_address>
         <run_address>0xa68f</run_address>
         <size>0x2ef</size>
         <input_file_ref idref="fl-75"/>
      </object_component>
      <object_component id="oc-186">
         <name>.debug_info</name>
         <load_address>0xa97e</load_address>
         <run_address>0xa97e</run_address>
         <size>0x2c7</size>
         <input_file_ref idref="fl-76"/>
      </object_component>
      <object_component id="oc-18c">
         <name>.debug_info</name>
         <load_address>0xac45</load_address>
         <run_address>0xac45</run_address>
         <size>0x2df</size>
         <input_file_ref idref="fl-77"/>
      </object_component>
      <object_component id="oc-18f">
         <name>.debug_info</name>
         <load_address>0xaf24</load_address>
         <run_address>0xaf24</run_address>
         <size>0x23d</size>
         <input_file_ref idref="fl-78"/>
      </object_component>
      <object_component id="oc-195">
         <name>.debug_info</name>
         <load_address>0xb161</load_address>
         <run_address>0xb161</run_address>
         <size>0xfa</size>
         <input_file_ref idref="fl-79"/>
      </object_component>
      <object_component id="oc-19a">
         <name>.debug_info</name>
         <load_address>0xb25b</load_address>
         <run_address>0xb25b</run_address>
         <size>0x19a</size>
         <input_file_ref idref="fl-7a"/>
      </object_component>
      <object_component id="oc-19e">
         <name>.debug_info</name>
         <load_address>0xb3f5</load_address>
         <run_address>0xb3f5</run_address>
         <size>0x36f</size>
         <input_file_ref idref="fl-7b"/>
      </object_component>
      <object_component id="oc-1a5">
         <name>.debug_info</name>
         <load_address>0xb764</load_address>
         <run_address>0xb764</run_address>
         <size>0xe7</size>
         <input_file_ref idref="fl-7c"/>
      </object_component>
      <object_component id="oc-1a9">
         <name>.debug_info</name>
         <load_address>0xb84b</load_address>
         <run_address>0xb84b</run_address>
         <size>0x2de</size>
         <input_file_ref idref="fl-7d"/>
      </object_component>
      <object_component id="oc-1af">
         <name>.debug_info</name>
         <load_address>0xbb29</load_address>
         <run_address>0xbb29</run_address>
         <size>0x327</size>
         <input_file_ref idref="fl-7e"/>
      </object_component>
      <object_component id="oc-1b5">
         <name>.debug_info</name>
         <load_address>0xbe50</load_address>
         <run_address>0xbe50</run_address>
         <size>0x294</size>
         <input_file_ref idref="fl-7f"/>
      </object_component>
      <object_component id="oc-274">
         <name>.debug_info</name>
         <load_address>0xc0e4</load_address>
         <run_address>0xc0e4</run_address>
         <size>0xb5</size>
      </object_component>
      <object_component id="oc-92">
         <name>.debug_frame</name>
         <load_address>0x0</load_address>
         <run_address>0x0</run_address>
         <size>0xef</size>
         <input_file_ref idref="fl-2"/>
      </object_component>
      <object_component id="oc-99">
         <name>.debug_frame</name>
         <load_address>0xef</load_address>
         <run_address>0xef</run_address>
         <size>0x15a</size>
         <input_file_ref idref="fl-3"/>
      </object_component>
      <object_component id="oc-a0">
         <name>.debug_frame</name>
         <load_address>0x249</load_address>
         <run_address>0x249</run_address>
         <size>0x32</size>
         <input_file_ref idref="fl-33"/>
      </object_component>
      <object_component id="oc-a5">
         <name>.debug_frame</name>
         <load_address>0x27b</load_address>
         <run_address>0x27b</run_address>
         <size>0x42</size>
         <input_file_ref idref="fl-34"/>
      </object_component>
      <object_component id="oc-aa">
         <name>.debug_frame</name>
         <load_address>0x2bd</load_address>
         <run_address>0x2bd</run_address>
         <size>0x32</size>
         <input_file_ref idref="fl-35"/>
      </object_component>
      <object_component id="oc-af">
         <name>.debug_frame</name>
         <load_address>0x2ef</load_address>
         <run_address>0x2ef</run_address>
         <size>0x32</size>
         <input_file_ref idref="fl-36"/>
      </object_component>
      <object_component id="oc-b4">
         <name>.debug_frame</name>
         <load_address>0x321</load_address>
         <run_address>0x321</run_address>
         <size>0x32</size>
         <input_file_ref idref="fl-37"/>
      </object_component>
      <object_component id="oc-be">
         <name>.debug_frame</name>
         <load_address>0x353</load_address>
         <run_address>0x353</run_address>
         <size>0x47</size>
         <input_file_ref idref="fl-39"/>
      </object_component>
      <object_component id="oc-cd">
         <name>.debug_frame</name>
         <load_address>0x39a</load_address>
         <run_address>0x39a</run_address>
         <size>0x47</size>
         <input_file_ref idref="fl-50"/>
      </object_component>
      <object_component id="oc-d2">
         <name>.debug_frame</name>
         <load_address>0x3e1</load_address>
         <run_address>0x3e1</run_address>
         <size>0x32</size>
         <input_file_ref idref="fl-51"/>
      </object_component>
      <object_component id="oc-db">
         <name>.debug_frame</name>
         <load_address>0x413</load_address>
         <run_address>0x413</run_address>
         <size>0x47</size>
         <input_file_ref idref="fl-53"/>
      </object_component>
      <object_component id="oc-e0">
         <name>.debug_frame</name>
         <load_address>0x45a</load_address>
         <run_address>0x45a</run_address>
         <size>0x83</size>
         <input_file_ref idref="fl-54"/>
      </object_component>
      <object_component id="oc-e5">
         <name>.debug_frame</name>
         <load_address>0x4dd</load_address>
         <run_address>0x4dd</run_address>
         <size>0x47</size>
         <input_file_ref idref="fl-55"/>
      </object_component>
      <object_component id="oc-eb">
         <name>.debug_frame</name>
         <load_address>0x524</load_address>
         <run_address>0x524</run_address>
         <size>0x493</size>
         <input_file_ref idref="fl-56"/>
      </object_component>
      <object_component id="oc-f0">
         <name>.debug_frame</name>
         <load_address>0x9b7</load_address>
         <run_address>0x9b7</run_address>
         <size>0x32</size>
         <input_file_ref idref="fl-57"/>
      </object_component>
      <object_component id="oc-f5">
         <name>.debug_frame</name>
         <load_address>0x9e9</load_address>
         <run_address>0x9e9</run_address>
         <size>0x50</size>
         <input_file_ref idref="fl-58"/>
      </object_component>
      <object_component id="oc-fa">
         <name>.debug_frame</name>
         <load_address>0xa39</load_address>
         <run_address>0xa39</run_address>
         <size>0x56</size>
         <input_file_ref idref="fl-59"/>
      </object_component>
      <object_component id="oc-106">
         <name>.debug_frame</name>
         <load_address>0xa8f</load_address>
         <run_address>0xa8f</run_address>
         <size>0x74</size>
         <input_file_ref idref="fl-5c"/>
      </object_component>
      <object_component id="oc-10b">
         <name>.debug_frame</name>
         <load_address>0xb03</load_address>
         <run_address>0xb03</run_address>
         <size>0x56</size>
         <input_file_ref idref="fl-5d"/>
      </object_component>
      <object_component id="oc-13d">
         <name>.debug_frame</name>
         <load_address>0xb59</load_address>
         <run_address>0xb59</run_address>
         <size>0x4d</size>
         <input_file_ref idref="fl-67"/>
      </object_component>
      <object_component id="oc-142">
         <name>.debug_frame</name>
         <load_address>0xba6</load_address>
         <run_address>0xba6</run_address>
         <size>0x47</size>
         <input_file_ref idref="fl-68"/>
      </object_component>
      <object_component id="oc-14b">
         <name>.debug_frame</name>
         <load_address>0xbed</load_address>
         <run_address>0xbed</run_address>
         <size>0x47</size>
         <input_file_ref idref="fl-6a"/>
      </object_component>
      <object_component id="oc-150">
         <name>.debug_frame</name>
         <load_address>0xc34</load_address>
         <run_address>0xc34</run_address>
         <size>0x62</size>
         <input_file_ref idref="fl-6b"/>
      </object_component>
      <object_component id="oc-155">
         <name>.debug_frame</name>
         <load_address>0xc96</load_address>
         <run_address>0xc96</run_address>
         <size>0x47</size>
         <input_file_ref idref="fl-6c"/>
      </object_component>
      <object_component id="oc-15a">
         <name>.debug_frame</name>
         <load_address>0xcdd</load_address>
         <run_address>0xcdd</run_address>
         <size>0x47</size>
         <input_file_ref idref="fl-6d"/>
      </object_component>
      <object_component id="oc-15f">
         <name>.debug_frame</name>
         <load_address>0xd24</load_address>
         <run_address>0xd24</run_address>
         <size>0x4b</size>
         <input_file_ref idref="fl-6e"/>
      </object_component>
      <object_component id="oc-164">
         <name>.debug_frame</name>
         <load_address>0xd6f</load_address>
         <run_address>0xd6f</run_address>
         <size>0x47</size>
         <input_file_ref idref="fl-6f"/>
      </object_component>
      <object_component id="oc-169">
         <name>.debug_frame</name>
         <load_address>0xdb6</load_address>
         <run_address>0xdb6</run_address>
         <size>0x47</size>
         <input_file_ref idref="fl-70"/>
      </object_component>
      <object_component id="oc-16e">
         <name>.debug_frame</name>
         <load_address>0xdfd</load_address>
         <run_address>0xdfd</run_address>
         <size>0x47</size>
         <input_file_ref idref="fl-71"/>
      </object_component>
      <object_component id="oc-173">
         <name>.debug_frame</name>
         <load_address>0xe44</load_address>
         <run_address>0xe44</run_address>
         <size>0x47</size>
         <input_file_ref idref="fl-72"/>
      </object_component>
      <object_component id="oc-178">
         <name>.debug_frame</name>
         <load_address>0xe8b</load_address>
         <run_address>0xe8b</run_address>
         <size>0x51</size>
         <input_file_ref idref="fl-73"/>
      </object_component>
      <object_component id="oc-17d">
         <name>.debug_frame</name>
         <load_address>0xedc</load_address>
         <run_address>0xedc</run_address>
         <size>0x5a</size>
         <input_file_ref idref="fl-74"/>
      </object_component>
      <object_component id="oc-182">
         <name>.debug_frame</name>
         <load_address>0xf36</load_address>
         <run_address>0xf36</run_address>
         <size>0x53</size>
         <input_file_ref idref="fl-75"/>
      </object_component>
      <object_component id="oc-187">
         <name>.debug_frame</name>
         <load_address>0xf89</load_address>
         <run_address>0xf89</run_address>
         <size>0x50</size>
         <input_file_ref idref="fl-76"/>
      </object_component>
      <object_component id="oc-190">
         <name>.debug_frame</name>
         <load_address>0xfd9</load_address>
         <run_address>0xfd9</run_address>
         <size>0x47</size>
         <input_file_ref idref="fl-78"/>
      </object_component>
      <object_component id="oc-1a0">
         <name>.debug_frame</name>
         <load_address>0x1020</load_address>
         <run_address>0x1020</run_address>
         <size>0x50</size>
         <input_file_ref idref="fl-7b"/>
      </object_component>
      <object_component id="oc-1aa">
         <name>.debug_frame</name>
         <load_address>0x1070</load_address>
         <run_address>0x1070</run_address>
         <size>0x53</size>
         <input_file_ref idref="fl-7d"/>
      </object_component>
      <object_component id="oc-1b1">
         <name>.debug_frame</name>
         <load_address>0x10c3</load_address>
         <run_address>0x10c3</run_address>
         <size>0x56</size>
         <input_file_ref idref="fl-7e"/>
      </object_component>
      <object_component id="oc-1b6">
         <name>.debug_frame</name>
         <load_address>0x1119</load_address>
         <run_address>0x1119</run_address>
         <size>0x54</size>
         <input_file_ref idref="fl-7f"/>
      </object_component>
      <object_component id="oc-93">
         <name>.debug_line</name>
         <load_address>0x0</load_address>
         <run_address>0x0</run_address>
         <size>0x185</size>
         <input_file_ref idref="fl-2"/>
      </object_component>
      <object_component id="oc-9a">
         <name>.debug_line</name>
         <load_address>0x185</load_address>
         <run_address>0x185</run_address>
         <size>0x258</size>
         <input_file_ref idref="fl-3"/>
      </object_component>
      <object_component id="oc-a1">
         <name>.debug_line</name>
         <load_address>0x3dd</load_address>
         <run_address>0x3dd</run_address>
         <size>0x27</size>
         <input_file_ref idref="fl-33"/>
      </object_component>
      <object_component id="oc-a6">
         <name>.debug_line</name>
         <load_address>0x404</load_address>
         <run_address>0x404</run_address>
         <size>0x4c</size>
         <input_file_ref idref="fl-34"/>
      </object_component>
      <object_component id="oc-ab">
         <name>.debug_line</name>
         <load_address>0x450</load_address>
         <run_address>0x450</run_address>
         <size>0x37</size>
         <input_file_ref idref="fl-35"/>
      </object_component>
      <object_component id="oc-b0">
         <name>.debug_line</name>
         <load_address>0x487</load_address>
         <run_address>0x487</run_address>
         <size>0x36</size>
         <input_file_ref idref="fl-36"/>
      </object_component>
      <object_component id="oc-b5">
         <name>.debug_line</name>
         <load_address>0x4bd</load_address>
         <run_address>0x4bd</run_address>
         <size>0x31</size>
         <input_file_ref idref="fl-37"/>
      </object_component>
      <object_component id="oc-ba">
         <name>.debug_line</name>
         <load_address>0x4ee</load_address>
[...]
         <name>i</name>
         <value>0x2c7a</value>
         <object_component_ref idref="oc-8e"/>
      </symbol>
      <symbol id="sm-3af">
         <name>temps_delay</name>
         <value>0x2c7e</value>
         <object_component_ref idref="oc-8e"/>
      </symbol>
      <symbol id="sm-3b0">
         <name>contraste</name>
         <value>0x2c6e</value>
         <object_component_ref idref="oc-8e"/>
      </symbol>
      <symbol id="sm-3b1">
         <name>saludo</name>
         <value>0x2c38</value>
         <object_component_ref idref="oc-8e"/>
      </symbol>
      <symbol id="sm-3b2">
         <name>config_A1_timer</name>
         <value>0x12a50</value>
         <object_component_ref idref="oc-1d0"/>
      </symbol>
      <symbol id="sm-3b3">
         <name>init_botons</name>
         <value>0x12386</value>
         <object_component_ref idref="oc-1cd"/>
      </symbol>
      <symbol id="sm-3b4">
         <name>escribir</name>
         <value>0x12afc</value>
         <object_component_ref idref="oc-1d1"/>
      </symbol>
      <symbol id="sm-3b5">
         <name>main</name>
         <value>0x107fe</value>
         <object_component_ref idref="oc-1c3"/>
      </symbol>
      <symbol id="sm-3b6">
         <name>Port2_ISR</name>
         <value>0x5dbc</value>
         <object_component_ref idref="oc-1bc"/>
      </symbol>
      <symbol id="sm-3b7">
         <name>config_P4_LEDS</name>
         <value>0x12ad4</value>
         <object_component_ref idref="oc-1cf"/>
      </symbol>
      <symbol id="sm-3b8">
         <name>iluminacion</name>
         <value>0x2c6f</value>
         <object_component_ref idref="oc-8e"/>
      </symbol>
      <symbol id="sm-3b9">
         <name>estado_anterior</name>
         <value>0x2c78</value>
         <object_component_ref idref="oc-8e"/>
      </symbol>
      <symbol id="sm-3ba">
         <name>estado</name>
         <value>0x2c72</value>
         <object_component_ref idref="oc-8e"/>
      </symbol>
      <symbol id="sm-3bb">
         <name>init_LCD</name>
         <value>0x129b8</value>
         <object_component_ref idref="oc-1ce"/>
      </symbol>
      <symbol id="sm-3bc">
         <name>borrado</name>
         <value>0x2c5c</value>
         <object_component_ref idref="oc-8e"/>
      </symbol>
      <symbol id="sm-3bd">
         <name>linea</name>
         <value>0x2c70</value>
         <object_component_ref idref="oc-8e"/>
      </symbol>
      <symbol id="sm-406">
         <name>halLcdDrawCurrentBlock</name>
         <value>0x12126</value>
         <object_component_ref idref="oc-1e0"/>
      </symbol>
      <symbol id="sm-407">
         <name>Draw_Block_Address_Macro</name>
         <value>0x1c78</value>
         <object_component_ref idref="oc-96"/>
      </symbol>
      <symbol id="sm-408">
         <name>LcdAddress</name>
         <value>0x1c7e</value>
         <object_component_ref idref="oc-96"/>
      </symbol>
      <symbol id="sm-409">
         <name>LcdTableAddress</name>
         <value>0x1c80</value>
         <object_component_ref idref="oc-96"/>
      </symbol>
      <symbol id="sm-40a">
         <name>halLcdSetBackLight</name>
         <value>0x1255e</value>
         <object_component_ref idref="oc-1d6"/>
      </symbol>
      <symbol id="sm-40b">
         <name>halLcdSetContrast</name>
         <value>0x12938</value>
         <object_component_ref idref="oc-1d7"/>
      </symbol>
      <symbol id="sm-40c">
         <name>Read_Block_Address_Macro</name>
         <value>0x1c6c</value>
         <object_component_ref idref="oc-96"/>
      </symbol>
      <symbol id="sm-40d">
         <name>LcdInitMacro</name>
         <value>0x1c00</value>
         <object_component_ref idref="oc-96"/>
      </symbol>
      <symbol id="sm-40e">
         <name>halLcdDrawBlock</name>
         <value>0x12aae</value>
         <object_component_ref idref="oc-1ea"/>
      </symbol>
      <symbol id="sm-40f">
         <name>halLcdClearScreen</name>
         <value>0x128f0</value>
         <object_component_ref idref="oc-1d8"/>
      </symbol>
      <symbol id="sm-410">
         <name>Draw_Block_Value_Macro</name>
         <value>0x1c72</value>
         <object_component_ref idref="oc-96"/>
      </symbol>
      <symbol id="sm-411">
         <name>halLcdSendCommand</name>
         <value>0x125e8</value>
         <object_component_ref idref="oc-1dd"/>
      </symbol>
      <symbol id="sm-412">
         <name>halLcdPrintLine</name>
         <value>0x12914</value>
         <object_component_ref idref="oc-1d9"/>
      </symbol>
      <symbol id="sm-413">
         <name>halLcdInit</name>
         <value>0x11d7e</value>
         <object_component_ref idref="oc-1d4"/>
      </symbol>
      <symbol id="sm-414">
         <name>halLcdBackLightInit</name>
         <value>0x128c2</value>
         <object_component_ref idref="oc-1d5"/>
      </symbol>
      <symbol id="sm-415">
         <name>backlight</name>
         <value>0x1c83</value>
         <object_component_ref idref="oc-96"/>
      </symbol>
      <symbol id="sm-416">
         <name>fonts_lookup</name>
         <value>0x67d8</value>
         <object_component_ref idref="oc-1e8"/>
      </symbol>
      <symbol id="sm-417">
         <name>contrast</name>
         <value>0x1c82</value>
         <object_component_ref idref="oc-96"/>
      </symbol>
      <symbol id="sm-418">
         <name>halLcdSetAddress</name>
         <value>0x1282c</value>
         <object_component_ref idref="oc-1df"/>
      </symbol>
      <symbol id="sm-419">
         <name>LCD_MEM</name>
         <value>0x1c84</value>
         <object_component_ref idref="oc-96"/>
      </symbol>
      <symbol id="sm-41a">
         <name>fonts</name>
         <value>0x5e82</value>
         <object_component_ref idref="oc-1e9"/>
      </symbol>
      <symbol id="sm-41b">
         <name>halLcdActive</name>
         <value>0x1299a</value>
         <object_component_ref idref="oc-1de"/>
      </symbol>
      <symbol id="sm-41c">
         <name>halLcdPrint</name>
         <value>0x11770</value>
         <object_component_ref idref="oc-1e2"/>
      </symbol>
      <symbol id="sm-42b">
         <name>_stack</name>
         <value>0x5b60</value>
         <object_component_ref idref="oc-9e"/>
      </symbol>
      <symbol id="sm-42c">
         <name>_reset_vector</name>
         <value>0xfffe</value>
         <object_component_ref idref="oc-9f"/>
      </symbol>
      <symbol id="sm-43a">
         <name>_c_int00_noargs_noexit</name>
         <value>0x5e58</value>
         <object_component_ref idref="oc-88"/>
      </symbol>
      <symbol id="sm-463">
         <name>__remu</name>
         <value>0x12a26</value>
         <object_component_ref idref="oc-b8"/>
      </symbol>
      <symbol id="sm-464">
         <name>__divu</name>
         <value>0x12a26</value>
         <object_component_ref idref="oc-b8"/>
      </symbol>
      <symbol id="sm-472">
         <name>C$$EXIT</name>
         <value>0x12b10</value>
         <object_component_ref idref="oc-1c4"/>
      </symbol>
      <symbol id="sm-473">
         <name>abort</name>
         <value>0x12b10</value>
         <object_component_ref idref="oc-1c4"/>
      </symbol>
      <symbol id="sm-477">
         <name>__TI_int41</name>
         <value>0xffd2</value>
         <object_component_ref idref="oc-6d"/>
      </symbol>
      <symbol id="sm-47b">
         <name>__TI_int43</name>
         <value>0xffd6</value>
         <object_component_ref idref="oc-6f"/>
      </symbol>
      <symbol id="sm-47f">
         <name>__TI_int44</name>
         <value>0xffd8</value>
         <object_component_ref idref="oc-70"/>
      </symbol>
      <symbol id="sm-483">
         <name>__TI_int45</name>
         <value>0xffda</value>
         <object_component_ref idref="oc-71"/>
      </symbol>
      <symbol id="sm-487">
         <name>__TI_int46</name>
         <value>0xffdc</value>
         <object_component_ref idref="oc-72"/>
      </symbol>
      <symbol id="sm-48b">
         <name>__TI_int47</name>
         <value>0xffde</value>
         <object_component_ref idref="oc-73"/>
      </symbol>
      <symbol id="sm-48f">
         <name>__TI_int48</name>
         <value>0xffe0</value>
         <object_component_ref idref="oc-74"/>
      </symbol>
      <symbol id="sm-493">
         <name>__TI_int50</name>
         <value>0xffe4</value>
         <object_component_ref idref="oc-76"/>
      </symbol>
      <symbol id="sm-497">
         <name>__TI_int51</name>
         <value>0xffe6</value>
         <object_component_ref idref="oc-77"/>
      </symbol>
      <symbol id="sm-49b">
         <name>__TI_int52</name>
         <value>0xffe8</value>
         <object_component_ref idref="oc-78"/>
      </symbol>
      <symbol id="sm-49f">
         <name>__TI_int53</name>
         <value>0xffea</value>
         <object_component_ref idref="oc-79"/>
      </symbol>
      <symbol id="sm-4a3">
         <name>__TI_int54</name>
         <value>0xffec</value>
         <object_component_ref idref="oc-7a"/>
      </symbol>
      <symbol id="sm-4a7">
         <name>__TI_int55</name>
         <value>0xffee</value>
         <object_component_ref idref="oc-7b"/>
      </symbol>
      <symbol id="sm-4ab">
         <name>__TI_int56</name>
         <value>0xfff0</value>
         <object_component_ref idref="oc-7c"/>
      </symbol>
      <symbol id="sm-4af">
         <name>__TI_int57</name>
         <value>0xfff2</value>
         <object_component_ref idref="oc-7d"/>
      </symbol>
      <symbol id="sm-4b3">
         <name>__TI_int58</name>
         <value>0xfff4</value>
         <object_component_ref idref="oc-7e"/>
      </symbol>
      <symbol id="sm-4b7">
         <name>__TI_int59</name>
         <value>0xfff6</value>
         <object_component_ref idref="oc-7f"/>
      </symbol>
      <symbol id="sm-4bb">
         <name>__TI_int60</name>
         <value>0xfff8</value>
         <object_component_ref idref="oc-80"/>
      </symbol>
      <symbol id="sm-4bf">
         <name>__TI_int61</name>
         <value>0xfffa</value>
         <object_component_ref idref="oc-81"/>
      </symbol>
      <symbol id="sm-4c3">
         <name>__TI_int62</name>
         <value>0xfffc</value>
         <object_component_ref idref="oc-82"/>
      </symbol>
      <symbol id="sm-4cf">
         <name>__TI_ISR_TRAP</name>
         <value>0x5e7c</value>
         <object_component_ref idref="oc-c2"/>
      </symbol>
      <symbol id="sm-4dc">
         <name>I_LSL</name>
         <value>0x12ae8</value>
         <object_component_ref idref="oc-c7"/>
      </symbol>
      <symbol id="sm-4ea">
         <name>memcpy</name>
         <value>0x12a64</value>
         <object_component_ref idref="oc-1ba"/>
      </symbol>
      <symbol id="sm-501">
         <name>__mpyi_sw</name>
         <value>0x12a78</value>
         <object_component_ref idref="oc-1e1"/>
      </symbol>
      <symbol id="sm-502">
         <name>__mpyi</name>
         <value>0x12a78</value>
         <object_component_ref idref="oc-1e1"/>
      </symbol>
      <symbol id="sm-50e">
         <name>_system_pre_init</name>
         <value>0x12b0c</value>
         <object_component_ref idref="oc-1be"/>
      </symbol>
      <symbol id="sm-520">
         <name>sprintf</name>
         <value>0x125a4</value>
         <object_component_ref idref="oc-1d2"/>
      </symbol>
      <symbol id="sm-534">
         <name>_nop</name>
         <value>0x12b14</value>
         <object_component_ref idref="oc-1d3"/>
      </symbol>
      <symbol id="sm-535">
         <name>_lock</name>
         <value>0x2c8a</value>
         <object_component_ref idref="oc-1c5"/>
      </symbol>
      <symbol id="sm-536">
         <name>_unlock</name>
         <value>0x2c8e</value>
         <object_component_ref idref="oc-1cb"/>
      </symbol>
      <symbol id="sm-677">
         <name>__TI_printfi</name>
         <value>0x105fc</value>
         <object_component_ref idref="oc-1dc"/>
      </symbol>
      <symbol id="sm-694">
         <name>atoi</name>
         <value>0x122c8</value>
         <object_component_ref idref="oc-1eb"/>
      </symbol>
      <symbol id="sm-6a6">
         <name>_auto_init_hold_wdt</name>
         <value>0x120ac</value>
         <object_component_ref idref="oc-1bf"/>
      </symbol>
      <symbol id="sm-6ae">
         <name>_ctypes_</name>
         <value>0x66d6</value>
         <object_component_ref idref="oc-1f0"/>
      </symbol>
      <symbol id="sm-6c1">
         <name>__divul</name>
         <value>0x123de</value>
         <object_component_ref idref="oc-100"/>
      </symbol>
      <symbol id="sm-6c2">
         <name>__remul</name>
         <value>0x123de</value>
         <object_component_ref idref="oc-100"/>
      </symbol>
      <symbol id="sm-6f4">
         <name>__divull</name>
         <value>0x10000</value>
         <object_component_ref idref="oc-202"/>
      </symbol>
      <symbol id="sm-700">
         <name>frexp</name>
         <value>0x12892</value>
         <object_component_ref idref="oc-1ff"/>
      </symbol>
      <symbol id="sm-729">
         <name>__fs_add</name>
         <value>0x1140a</value>
         <object_component_ref idref="oc-10f"/>
      </symbol>
      <symbol id="sm-72a">
         <name>__fs_sub</name>
         <value>0x11404</value>
         <object_component_ref idref="oc-10f"/>
      </symbol>
      <symbol id="sm-743">
         <name>__fs_cmp</name>
         <value>0x12484</value>
         <object_component_ref idref="oc-114"/>
      </symbol>
      <symbol id="sm-767">
         <name>__fs_div</name>
         <value>0x11e0c</value>
         <object_component_ref idref="oc-119"/>
      </symbol>
      <symbol id="sm-77e">
         <name>__fs_itof</name>
         <value>0x127c2</value>
         <object_component_ref idref="oc-11e"/>
      </symbol>
      <symbol id="sm-798">
         <name>__fs_ltof</name>
         <value>0x124ce</value>
         <object_component_ref idref="oc-123"/>
      </symbol>
      <symbol id="sm-7c2">
         <name>__fs_mpy</name>
         <value>0x11a5e</value>
         <object_component_ref idref="oc-128"/>
      </symbol>
      <symbol id="sm-7d0">
         <name>__fs_neg</name>
         <value>0x12ade</value>
         <object_component_ref idref="oc-12d"/>
      </symbol>
      <symbol id="sm-7ec">
         <name>__fs_toi</name>
         <value>0x121fc</value>
         <object_component_ref idref="oc-132"/>
      </symbol>
      <symbol id="sm-80a">
         <name>__fs_tol</name>
         <value>0x1202e</value>
         <object_component_ref idref="oc-137"/>
      </symbol>
      <symbol id="sm-81a">
         <name>ldexp</name>
         <value>0x1232a</value>
         <object_component_ref idref="oc-205"/>
      </symbol>
      <symbol id="sm-82a">
         <name>__lslll</name>
         <value>0x126a8</value>
         <object_component_ref idref="oc-209"/>
      </symbol>
      <symbol id="sm-838">
         <name>L_LSR</name>
         <value>0x12a9e</value>
         <object_component_ref idref="oc-208"/>
      </symbol>
      <symbol id="sm-848">
         <name>__lsrll</name>
         <value>0x126e2</value>
         <object_component_ref idref="oc-201"/>
      </symbol>
      <symbol id="sm-857">
         <name>ltoa</name>
         <value>0x11fae</value>
         <object_component_ref idref="oc-203"/>
      </symbol>
      <symbol id="sm-866">
         <name>memccpy</name>
         <value>0x129d6</value>
         <object_component_ref idref="oc-1ef"/>
      </symbol>
      <symbol id="sm-874">
         <name>memset</name>
         <value>0x12a10</value>
         <object_component_ref idref="oc-1ec"/>
      </symbol>
      <symbol id="sm-883">
         <name>strchr</name>
         <value>0x129f4</value>
         <object_component_ref idref="oc-20e"/>
      </symbol>
      <symbol id="sm-890">
         <name>strlen</name>
         <value>0x12abc</value>
         <object_component_ref idref="oc-1e3"/>
      </symbol>
      <symbol id="sm-89d">
         <name>toupper</name>
         <value>0x12a8c</value>
         <object_component_ref idref="oc-1f3"/>
      </symbol>
      <symbol id="sm-8a9">
         <name>_Dscale</name>
         <value>0x12b04</value>
         <object_component_ref idref="oc-20c"/>
      </symbol>
      <symbol id="sm-8b5">
         <name>_Dunscale</name>
         <value>0x12b08</value>
         <object_component_ref idref="oc-204"/>
      </symbol>
      <symbol id="sm-8c6">
         <name>_FDclass</name>
         <value>0x1271c</value>
         <object_component_ref idref="oc-1f4"/>
      </symbol>
      <symbol id="sm-8e3">
         <name>_FDscale</name>
         <value>0x11654</value>
         <object_component_ref idref="oc-210"/>
      </symbol>
      <symbol id="sm-8f5">
         <name>_FDunscale</name>
         <value>0x12264</value>
         <object_component_ref idref="oc-20b"/>
      </symbol>
      <symbol id="sm-904">
         <name>_Feraise</name>
         <value>0x1278c</value>
         <object_component_ref idref="oc-20d"/>
      </symbol>
      <symbol id="sm-914">
         <name>_FZero</name>
         <value>0x2c34</value>
         <object_component_ref idref="oc-18b"/>
      </symbol>
      <symbol id="sm-915">
         <name>_FRteps</name>
         <value>0x2c20</value>
         <object_component_ref idref="oc-18b"/>
      </symbol>
      <symbol id="sm-916">
         <name>_FSnan</name>
         <value>0x2c10</value>
         <object_component_ref idref="oc-18b"/>
      </symbol>
      <symbol id="sm-917">
         <name>_FNan</name>
         <value>0x2c00</value>
         <object_component_ref idref="oc-18b"/>
      </symbol>
      <symbol id="sm-918">
         <name>_FInf</name>
         <value>0x2bf0</value>
         <object_component_ref idref="oc-18b"/>
      </symbol>
      <symbol id="sm-919">
         <name>_FEps</name>
         <value>0x2be0</value>
         <object_component_ref idref="oc-18b"/>
      </symbol>
      <symbol id="sm-91a">
         <name>_FXbig</name>
         <value>0x2c30</value>
         <object_component_ref idref="oc-18b"/>
      </symbol>
      <symbol id="sm-91b">
         <name>_FDenorm</name>
         <value>0x2bd0</value>
         <object_component_ref idref="oc-18b"/>
      </symbol>
      <symbol id="sm-928">
         <name>abs</name>
         <value>0x12aca</value>
         <object_component_ref idref="oc-20a"/>
      </symbol>
      <symbol id="sm-939">
         <name>__remli</name>
         <value>0x1262a</value>
         <object_component_ref idref="oc-194"/>
      </symbol>
      <symbol id="sm-93a">
         <name>__divli</name>
         <value>0x1262a</value>
         <object_component_ref idref="oc-194"/>
      </symbol>
      <symbol id="sm-944">
         <name>_Errno</name>
         <value>0x2c92</value>
         <object_component_ref idref="oc-199"/>
      </symbol>
      <symbol id="sm-957">
         <name>feraiseexcept</name>
         <value>0x127f8</value>
         <object_component_ref idref="oc-211"/>
      </symbol>
      <symbol id="sm-958">
         <name>_Tls_setup__Fenv</name>
         <value>0x2c86</value>
         <object_component_ref idref="oc-19d"/>
      </symbol>
      <symbol id="sm-959">
         <name>_Fenv</name>
         <value>0x2c82</value>
         <object_component_ref idref="oc-19d"/>
      </symbol>
      <symbol id="sm-966">
         <name>I_LSR</name>
         <value>0x12af2</value>
         <object_component_ref idref="oc-1a4"/>
      </symbol>
      <symbol id="sm-975">
         <name>raise</name>
         <value>0x12860</value>
         <object_component_ref idref="oc-212"/>
      </symbol>
      <symbol id="sm-98a">
         <name>signal</name>
         <value>0x12754</value>
         <object_component_ref idref="oc-213"/>
      </symbol>
      <symbol id="sm-99c">
         <name>_FDnorm</name>
         <value>0x11e9a</value>
         <object_component_ref idref="oc-20f"/>
      </symbol>
   </symbol_table>
   <title>Link successful</title>
</link_info>
