<?xml version="1.0"?>
<link_info>
   <banner>MSP430 Linker PC v4.4.1</banner>
   <copyright>Copyright (c) 2003-2014 Texas Instruments Incorporated</copyright>
   <link_time>0x54fd6356</link_time>
   <link_errors>0x0</link_errors>
   <output_file>Practica3.out</output_file>
   <entry_point>
      <name>_c_int00_noargs_noexit</name>
      <address>0x5e00</address>
   </entry_point>
   <input_file_list>
      <input_file id="fl-2">
         <path>.\</path>
         <kind>object</kind>
         <file>Practica_03 PAE2.obj</file>
         <name>Practica_03 PAE2.obj</name>
      </input_file>
      <input_file id="fl-3">
         <path>.\</path>
         <kind>object</kind>
         <file>Practica_03_02.obj</file>
         <name>Practica_03_02.obj</name>
      </input_file>
      <input_file id="fl-4">
         <path>.\</path>
         <kind>object</kind>
         <file>hal_lcd.obj</file>
         <name>hal_lcd.obj</name>
      </input_file>
      <input_file id="fl-34">
         <path>c:\ti\ccsv6\tools\compiler\ti-cgt-msp430_4.4.1\lib\</path>
         <kind>archive</kind>
         <file>rts430x_lc_rd.lib</file>
         <name>boot.obj</name>
      </input_file>
      <input_file id="fl-35">
         <path>c:\ti\ccsv6\tools\compiler\ti-cgt-msp430_4.4.1\lib\</path>
         <kind>archive</kind>
         <file>rts430x_lc_rd.lib</file>
         <name>boot_special.obj</name>
      </input_file>
      <input_file id="fl-36">
         <path>c:\ti\ccsv6\tools\compiler\ti-cgt-msp430_4.4.1\lib\</path>
         <kind>archive</kind>
         <file>rts430x_lc_rd.lib</file>
         <name>copy_decompress_none.obj</name>
      </input_file>
      <input_file id="fl-37">
         <path>c:\ti\ccsv6\tools\compiler\ti-cgt-msp430_4.4.1\lib\</path>
         <kind>archive</kind>
         <file>rts430x_lc_rd.lib</file>
         <name>copy_decompress_rle.obj</name>
      </input_file>
      <input_file id="fl-38">
         <path>c:\ti\ccsv6\tools\compiler\ti-cgt-msp430_4.4.1\lib\</path>
         <kind>archive</kind>
         <file>rts430x_lc_rd.lib</file>
         <name>copy_zero_init.obj</name>
      </input_file>
      <input_file id="fl-39">
         <path>c:\ti\ccsv6\tools\compiler\ti-cgt-msp430_4.4.1\lib\</path>
         <kind>archive</kind>
         <file>rts430x_lc_rd.lib</file>
         <name>exit.obj</name>
      </input_file>
      <input_file id="fl-3a">
         <path>c:\ti\ccsv6\tools\compiler\ti-cgt-msp430_4.4.1\lib\</path>
         <kind>archive</kind>
         <file>rts430x_lc_rd.lib</file>
         <name>int41.obj</name>
      </input_file>
      <input_file id="fl-3b">
         <path>c:\ti\ccsv6\tools\compiler\ti-cgt-msp430_4.4.1\lib\</path>
         <kind>archive</kind>
         <file>rts430x_lc_rd.lib</file>
         <name>int43.obj</name>
      </input_file>
      <input_file id="fl-3c">
         <path>c:\ti\ccsv6\tools\compiler\ti-cgt-msp430_4.4.1\lib\</path>
         <kind>archive</kind>
         <file>rts430x_lc_rd.lib</file>
         <name>int44.obj</name>
      </input_file>
      <input_file id="fl-3d">
         <path>c:\ti\ccsv6\tools\compiler\ti-cgt-msp430_4.4.1\lib\</path>
         <kind>archive</kind>
         <file>rts430x_lc_rd.lib</file>
         <name>int45.obj</name>
      </input_file>
      <input_file id="fl-3e">
         <path>c:\ti\ccsv6\tools\compiler\ti-cgt-msp430_4.4.1\lib\</path>
         <kind>archive</kind>
         <file>rts430x_lc_rd.lib</file>
         <name>int46.obj</name>
      </input_file>
      <input_file id="fl-3f">
         <path>c:\ti\ccsv6\tools\compiler\ti-cgt-msp430_4.4.1\lib\</path>
         <kind>archive</kind>
         <file>rts430x_lc_rd.lib</file>
         <name>int47.obj</name>
      </input_file>
      <input_file id="fl-40">
         <path>c:\ti\ccsv6\tools\compiler\ti-cgt-msp430_4.4.1\lib\</path>
         <kind>archive</kind>
         <file>rts430x_lc_rd.lib</file>
         <name>int48.obj</name>
      </input_file>
      <input_file id="fl-41">
         <path>c:\ti\ccsv6\tools\compiler\ti-cgt-msp430_4.4.1\lib\</path>
         <kind>archive</kind>
         <file>rts430x_lc_rd.lib</file>
         <name>int50.obj</name>
      </input_file>
      <input_file id="fl-42">
         <path>c:\ti\ccsv6\tools\compiler\ti-cgt-msp430_4.4.1\lib\</path>
         <kind>archive</kind>
         <file>rts430x_lc_rd.lib</file>
         <name>int51.obj</name>
      </input_file>
      <input_file id="fl-43">
         <path>c:\ti\ccsv6\tools\compiler\ti-cgt-msp430_4.4.1\lib\</path>
         <kind>archive</kind>
         <file>rts430x_lc_rd.lib</file>
         <name>int52.obj</name>
      </input_file>
      <input_file id="fl-44">
         <path>c:\ti\ccsv6\tools\compiler\ti-cgt-msp430_4.4.1\lib\</path>
         <kind>archive</kind>
         <file>rts430x_lc_rd.lib</file>
         <name>int53.obj</name>
      </input_file>
      <input_file id="fl-45">
         <path>c:\ti\ccsv6\tools\compiler\ti-cgt-msp430_4.4.1\lib\</path>
         <kind>archive</kind>
         <file>rts430x_lc_rd.lib</file>
         <name>int54.obj</name>
      </input_file>
      <input_file id="fl-46">
         <path>c:\ti\ccsv6\tools\compiler\ti-cgt-msp430_4.4.1\lib\</path>
         <kind>archive</kind>
         <file>rts430x_lc_rd.lib</file>
         <name>int55.obj</name>
      </input_file>
      <input_file id="fl-47">
         <path>c:\ti\ccsv6\tools\compiler\ti-cgt-msp430_4.4.1\lib\</path>
         <kind>archive</kind>
         <file>rts430x_lc_rd.lib</file>
         <name>int56.obj</name>
      </input_file>
      <input_file id="fl-48">
         <path>c:\ti\ccsv6\tools\compiler\ti-cgt-msp430_4.4.1\lib\</path>
         <kind>archive</kind>
         <file>rts430x_lc_rd.lib</file>
         <name>int57.obj</name>
      </input_file>
      <input_file id="fl-49">
         <path>c:\ti\ccsv6\tools\compiler\ti-cgt-msp430_4.4.1\lib\</path>
         <kind>archive</kind>
         <file>rts430x_lc_rd.lib</file>
         <name>int58.obj</name>
      </input_file>
      <input_file id="fl-4a">
         <path>c:\ti\ccsv6\tools\compiler\ti-cgt-msp430_4.4.1\lib\</path>
         <kind>archive</kind>
         <file>rts430x_lc_rd.lib</file>
         <name>int59.obj</name>
      </input_file>
      <input_file id="fl-4b">
         <path>c:\ti\ccsv6\tools\compiler\ti-cgt-msp430_4.4.1\lib\</path>
         <kind>archive</kind>
         <file>rts430x_lc_rd.lib</file>
         <name>int60.obj</name>
      </input_file>
      <input_file id="fl-4c">
         <path>c:\ti\ccsv6\tools\compiler\ti-cgt-msp430_4.4.1\lib\</path>
         <kind>archive</kind>
         <file>rts430x_lc_rd.lib</file>
         <name>int61.obj</name>
      </input_file>
      <input_file id="fl-4d">
         <path>c:\ti\ccsv6\tools\compiler\ti-cgt-msp430_4.4.1\lib\</path>
         <kind>archive</kind>
         <file>rts430x_lc_rd.lib</file>
         <name>int62.obj</name>
      </input_file>
      <input_file id="fl-4e">
         <path>c:\ti\ccsv6\tools\compiler\ti-cgt-msp430_4.4.1\lib\</path>
         <kind>archive</kind>
         <file>rts430x_lc_rd.lib</file>
         <name>isr_trap.obj</name>
      </input_file>
      <input_file id="fl-4f">
         <path>c:\ti\ccsv6\tools\compiler\ti-cgt-msp430_4.4.1\lib\</path>
         <kind>archive</kind>
         <file>rts430x_lc_rd.lib</file>
         <name>_lock.obj</name>
      </input_file>
      <input_file id="fl-50">
         <path>c:\ti\ccsv6\tools\compiler\ti-cgt-msp430_4.4.1\lib\</path>
         <kind>archive</kind>
         <file>rts430x_lc_rd.lib</file>
         <name>lsl16.obj</name>
      </input_file>
      <input_file id="fl-51">
         <path>c:\ti\ccsv6\tools\compiler\ti-cgt-msp430_4.4.1\lib\</path>
         <kind>archive</kind>
         <file>rts430x_lc_rd.lib</file>
         <name>memcpy.obj</name>
      </input_file>
      <input_file id="fl-52">
         <path>c:\ti\ccsv6\tools\compiler\ti-cgt-msp430_4.4.1\lib\</path>
         <kind>archive</kind>
         <file>rts430x_lc_rd.lib</file>
         <name>mpu_init.obj</name>
      </input_file>
      <input_file id="fl-53">
         <path>c:\ti\ccsv6\tools\compiler\ti-cgt-msp430_4.4.1\lib\</path>
         <kind>archive</kind>
         <file>rts430x_lc_rd.lib</file>
         <name>mult16.obj</name>
      </input_file>
      <input_file id="fl-54">
         <path>c:\ti\ccsv6\tools\compiler\ti-cgt-msp430_4.4.1\lib\</path>
         <kind>archive</kind>
         <file>rts430x_lc_rd.lib</file>
         <name>pre_init.obj</name>
      </input_file>
      <input_file id="fl-55">
         <path>c:\ti\ccsv6\tools\compiler\ti-cgt-msp430_4.4.1\lib\</path>
         <kind>archive</kind>
         <file>rts430x_lc_rd.lib</file>
         <name>sprintf.obj</name>
      </input_file>
      <input_file id="fl-56">
         <path>c:\ti\ccsv6\tools\compiler\ti-cgt-msp430_4.4.1\lib\</path>
         <kind>archive</kind>
         <file>rts430x_lc_rd.lib</file>
         <name>args_main.obj</name>
      </input_file>
      <input_file id="fl-57">
         <path>c:\ti\ccsv6\tools\compiler\ti-cgt-msp430_4.4.1\lib\</path>
         <kind>archive</kind>
         <file>rts430x_lc_rd.lib</file>
         <name>autoinit_wdt.obj</name>
      </input_file>
      <input_file id="fl-58">
         <path>c:\ti\ccsv6\tools\compiler\ti-cgt-msp430_4.4.1\lib\</path>
         <kind>archive</kind>
         <file>rts430x_lc_rd.lib</file>
         <name>_printfi.obj</name>
      </input_file>
      <input_file id="fl-59">
         <path>c:\ti\ccsv6\tools\compiler\ti-cgt-msp430_4.4.1\lib\</path>
         <kind>archive</kind>
         <file>rts430x_lc_rd.lib</file>
         <name>strchr.obj</name>
      </input_file>
      <input_file id="fl-5a">
         <path>c:\ti\ccsv6\tools\compiler\ti-cgt-msp430_4.4.1\lib\</path>
         <kind>archive</kind>
         <file>rts430x_lc_rd.lib</file>
         <name>strlen.obj</name>
      </input_file>
      <input_file id="fl-5b">
         <path>c:\ti\ccsv6\tools\compiler\ti-cgt-msp430_4.4.1\lib\</path>
         <kind>archive</kind>
         <file>rts430x_lc_rd.lib</file>
         <name>toupper.obj</name>
      </input_file>
      <input_file id="fl-5c">
         <path>c:\ti\ccsv6\tools\compiler\ti-cgt-msp430_4.4.1\lib\</path>
         <kind>archive</kind>
         <file>rts430x_lc_rd.lib</file>
         <name>xfdclass.obj</name>
      </input_file>
      <input_file id="fl-5d">
         <path>c:\ti\ccsv6\tools\compiler\ti-cgt-msp430_4.4.1\lib\</path>
         <kind>archive</kind>
         <file>rts430x_lc_rd.lib</file>
         <name>atoi.obj</name>
      </input_file>
      <input_file id="fl-5e">
         <path>c:\ti\ccsv6\tools\compiler\ti-cgt-msp430_4.4.1\lib\</path>
         <kind>archive</kind>
         <file>rts430x_lc_rd.lib</file>
         <name>ctype.obj</name>
      </input_file>
      <input_file id="fl-5f">
         <path>c:\ti\ccsv6\tools\compiler\ti-cgt-msp430_4.4.1\lib\</path>
         <kind>archive</kind>
         <file>rts430x_lc_rd.lib</file>
         <name>div16u.obj</name>
      </input_file>
      <input_file id="fl-60">
         <path>c:\ti\ccsv6\tools\compiler\ti-cgt-msp430_4.4.1\lib\</path>
         <kind>archive</kind>
         <file>rts430x_lc_rd.lib</file>
         <name>div32u.obj</name>
      </input_file>
      <input_file id="fl-61">
         <path>c:\ti\ccsv6\tools\compiler\ti-cgt-msp430_4.4.1\lib\</path>
         <kind>archive</kind>
         <file>rts430x_lc_rd.lib</file>
         <name>frexp.obj</name>
      </input_file>
      <input_file id="fl-62">
         <path>c:\ti\ccsv6\tools\compiler\ti-cgt-msp430_4.4.1\lib\</path>
         <kind>archive</kind>
         <file>rts430x_lc_rd.lib</file>
         <name>fs_add.obj</name>
      </input_file>
      <input_file id="fl-63">
         <path>c:\ti\ccsv6\tools\compiler\ti-cgt-msp430_4.4.1\lib\</path>
         <kind>archive</kind>
         <file>rts430x_lc_rd.lib</file>
         <name>fs_cmp.obj</name>
      </input_file>
      <input_file id="fl-64">
         <path>c:\ti\ccsv6\tools\compiler\ti-cgt-msp430_4.4.1\lib\</path>
         <kind>archive</kind>
         <file>rts430x_lc_rd.lib</file>
         <name>fs_div.obj</name>
      </input_file>
      <input_file id="fl-65">
         <path>c:\ti\ccsv6\tools\compiler\ti-cgt-msp430_4.4.1\lib\</path>
         <kind>archive</kind>
         <file>rts430x_lc_rd.lib</file>
         <name>fs_itof.obj</name>
      </input_file>
      <input_file id="fl-66">
         <path>c:\ti\ccsv6\tools\compiler\ti-cgt-msp430_4.4.1\lib\</path>
         <kind>archive</kind>
         <file>rts430x_lc_rd.lib</file>
         <name>fs_ltof.obj</name>
      </input_file>
      <input_file id="fl-67">
         <path>c:\ti\ccsv6\tools\compiler\ti-cgt-msp430_4.4.1\lib\</path>
         <kind>archive</kind>
         <file>rts430x_lc_rd.lib</file>
         <name>fs_mpy.obj</name>
      </input_file>
      <input_file id="fl-68">
         <path>c:\ti\ccsv6\tools\compiler\ti-cgt-msp430_4.4.1\lib\</path>
         <kind>archive</kind>
         <file>rts430x_lc_rd.lib</file>
         <name>fs_neg.obj</name>
      </input_file>
      <input_file id="fl-69">
         <path>c:\ti\ccsv6\tools\compiler\ti-cgt-msp430_4.4.1\lib\</path>
         <kind>archive</kind>
         <file>rts430x_lc_rd.lib</file>
         <name>fs_toi.obj</name>
      </input_file>
      <input_file id="fl-6a">
         <path>c:\ti\ccsv6\tools\compiler\ti-cgt-msp430_4.4.1\lib\</path>
         <kind>archive</kind>
         <file>rts430x_lc_rd.lib</file>
         <name>fs_tol.obj</name>
      </input_file>
      <input_file id="fl-6b">
         <path>c:\ti\ccsv6\tools\compiler\ti-cgt-msp430_4.4.1\lib\</path>
         <kind>archive</kind>
         <file>rts430x_lc_rd.lib</file>
         <name>ldexp.obj</name>
      </input_file>
      <input_file id="fl-6c">
         <path>c:\ti\ccsv6\tools\compiler\ti-cgt-msp430_4.4.1\lib\</path>
         <kind>archive</kind>
         <file>rts430x_lc_rd.lib</file>
         <name>llmath.obj</name>
      </input_file>
      <input_file id="fl-6d">
         <path>c:\ti\ccsv6\tools\compiler\ti-cgt-msp430_4.4.1\lib\</path>
         <kind>archive</kind>
         <file>rts430x_lc_rd.lib</file>
         <name>lsr32.obj</name>
      </input_file>
      <input_file id="fl-6e">
         <path>c:\ti\ccsv6\tools\compiler\ti-cgt-msp430_4.4.1\lib\</path>
         <kind>archive</kind>
         <file>rts430x_lc_rd.lib</file>
         <name>ltoa.obj</name>
      </input_file>
      <input_file id="fl-6f">
         <path>c:\ti\ccsv6\tools\compiler\ti-cgt-msp430_4.4.1\lib\</path>
         <kind>archive</kind>
         <file>rts430x_lc_rd.lib</file>
         <name>memccpy.obj</name>
      </input_file>
      <input_file id="fl-70">
         <path>c:\ti\ccsv6\tools\compiler\ti-cgt-msp430_4.4.1\lib\</path>
         <kind>archive</kind>
         <file>rts430x_lc_rd.lib</file>
         <name>memset.obj</name>
      </input_file>
      <input_file id="fl-71">
         <path>c:\ti\ccsv6\tools\compiler\ti-cgt-msp430_4.4.1\lib\</path>
         <kind>archive</kind>
         <file>rts430x_lc_rd.lib</file>
         <name>mult64.obj</name>
      </input_file>
      <input_file id="fl-72">
         <path>c:\ti\ccsv6\tools\compiler\ti-cgt-msp430_4.4.1\lib\</path>
         <kind>archive</kind>
         <file>rts430x_lc_rd.lib</file>
         <name>xdscale.obj</name>
      </input_file>
      <input_file id="fl-73">
         <path>c:\ti\ccsv6\tools\compiler\ti-cgt-msp430_4.4.1\lib\</path>
         <kind>archive</kind>
         <file>rts430x_lc_rd.lib</file>
         <name>xdunscal.obj</name>
      </input_file>
      <input_file id="fl-74">
         <path>c:\ti\ccsv6\tools\compiler\ti-cgt-msp430_4.4.1\lib\</path>
         <kind>archive</kind>
         <file>rts430x_lc_rd.lib</file>
         <name>xfdscale.obj</name>
      </input_file>
      <input_file id="fl-75">
         <path>c:\ti\ccsv6\tools\compiler\ti-cgt-msp430_4.4.1\lib\</path>
         <kind>archive</kind>
         <file>rts430x_lc_rd.lib</file>
         <name>xfdunsca.obj</name>
      </input_file>
      <input_file id="fl-76">
         <path>c:\ti\ccsv6\tools\compiler\ti-cgt-msp430_4.4.1\lib\</path>
         <kind>archive</kind>
         <file>rts430x_lc_rd.lib</file>
         <name>xferaise.obj</name>
      </input_file>
      <input_file id="fl-77">
         <path>c:\ti\ccsv6\tools\compiler\ti-cgt-msp430_4.4.1\lib\</path>
         <kind>archive</kind>
         <file>rts430x_lc_rd.lib</file>
         <name>xfvalues.obj</name>
      </input_file>
      <input_file id="fl-78">
         <path>c:\ti\ccsv6\tools\compiler\ti-cgt-msp430_4.4.1\lib\</path>
         <kind>archive</kind>
         <file>rts430x_lc_rd.lib</file>
         <name>abs.obj</name>
      </input_file>
      <input_file id="fl-79">
         <path>c:\ti\ccsv6\tools\compiler\ti-cgt-msp430_4.4.1\lib\</path>
         <kind>archive</kind>
         <file>rts430x_lc_rd.lib</file>
         <name>div32s.obj</name>
      </input_file>
      <input_file id="fl-7a">
         <path>c:\ti\ccsv6\tools\compiler\ti-cgt-msp430_4.4.1\lib\</path>
         <kind>archive</kind>
         <file>rts430x_lc_rd.lib</file>
         <name>errno.obj</name>
      </input_file>
      <input_file id="fl-7b">
         <path>c:\ti\ccsv6\tools\compiler\ti-cgt-msp430_4.4.1\lib\</path>
         <kind>archive</kind>
         <file>rts430x_lc_rd.lib</file>
         <name>feraiseexcept.obj</name>
      </input_file>
      <input_file id="fl-7c">
         <path>c:\ti\ccsv6\tools\compiler\ti-cgt-msp430_4.4.1\lib\</path>
         <kind>archive</kind>
         <file>rts430x_lc_rd.lib</file>
         <name>llabs.obj</name>
      </input_file>
      <input_file id="fl-7d">
         <path>c:\ti\ccsv6\tools\compiler\ti-cgt-msp430_4.4.1\lib\</path>
         <kind>archive</kind>
         <file>rts430x_lc_rd.lib</file>
         <name>lsr16.obj</name>
      </input_file>
      <input_file id="fl-7e">
         <path>c:\ti\ccsv6\tools\compiler\ti-cgt-msp430_4.4.1\lib\</path>
         <kind>archive</kind>
         <file>rts430x_lc_rd.lib</file>
         <name>mult1632.obj</name>
      </input_file>
      <input_file id="fl-7f">
         <path>c:\ti\ccsv6\tools\compiler\ti-cgt-msp430_4.4.1\lib\</path>
         <kind>archive</kind>
         <file>rts430x_lc_rd.lib</file>
         <name>mult32.obj</name>
      </input_file>
      <input_file id="fl-80">
         <path>c:\ti\ccsv6\tools\compiler\ti-cgt-msp430_4.4.1\lib\</path>
         <kind>archive</kind>
         <file>rts430x_lc_rd.lib</file>
         <name>raise.obj</name>
      </input_file>
      <input_file id="fl-81">
         <path>c:\ti\ccsv6\tools\compiler\ti-cgt-msp430_4.4.1\lib\</path>
         <kind>archive</kind>
         <file>rts430x_lc_rd.lib</file>
         <name>signal.obj</name>
      </input_file>
      <input_file id="fl-82">
         <path>c:\ti\ccsv6\tools\compiler\ti-cgt-msp430_4.4.1\lib\</path>
         <kind>archive</kind>
         <file>rts430x_lc_rd.lib</file>
         <name>xfdnorm.obj</name>
      </input_file>
   </input_file_list>
   <object_component_list>
      <object_component id="oc-8e">
         <name>.bss</name>
         <uninitialized>true</uninitialized>
         <run_address>0x2c38</run_address>
         <size>0x44</size>
         <input_file_ref idref="fl-2"/>
      </object_component>
      <object_component id="oc-98">
         <name>.bss</name>
         <uninitialized>true</uninitialized>
         <run_address>0x1c00</run_address>
         <size>0xf20</size>
         <input_file_ref idref="fl-4"/>
      </object_component>
      <object_component id="oc-1ce">
         <name>.bss:_lock</name>
         <uninitialized>true</uninitialized>
         <run_address>0x2c84</run_address>
         <size>0x4</size>
         <input_file_ref idref="fl-4f"/>
      </object_component>
      <object_component id="oc-1d4">
         <name>.bss:_unlock</name>
         <uninitialized>true</uninitialized>
         <run_address>0x2c88</run_address>
         <size>0x4</size>
         <input_file_ref idref="fl-4f"/>
      </object_component>
      <object_component id="oc-187">
         <name>.bss</name>
         <uninitialized>true</uninitialized>
         <run_address>0x2bd0</run_address>
         <size>0x68</size>
         <input_file_ref idref="fl-77"/>
      </object_component>
      <object_component id="oc-195">
         <name>.bss</name>
         <uninitialized>true</uninitialized>
         <run_address>0x2c8c</run_address>
         <size>0x2</size>
         <input_file_ref idref="fl-7a"/>
      </object_component>
      <object_component id="oc-199">
         <name>.bss</name>
         <uninitialized>true</uninitialized>
         <run_address>0x2c7c</run_address>
         <size>0x8</size>
         <input_file_ref idref="fl-7b"/>
      </object_component>
      <object_component id="oc-1b7">
         <name>.bss</name>
         <uninitialized>true</uninitialized>
         <run_address>0x2b20</run_address>
         <size>0xb0</size>
         <input_file_ref idref="fl-81"/>
      </object_component>
      <object_component id="oc-a0">
         <name>.stack</name>
         <uninitialized>true</uninitialized>
         <run_address>0x5b60</run_address>
         <size>0x4</size>
         <input_file_ref idref="fl-34"/>
      </object_component>
      <object_component id="oc-27b">
         <name>.stack</name>
         <uninitialized>true</uninitialized>
         <run_address>0x5b60</run_address>
         <size>0x0</size>
      </object_component>
      <object_component id="oc-20b">
         <name>.text:__divull</name>
         <load_address>0x10000</load_address>
         <run_address>0x10000</run_address>
         <size>0x39a</size>
         <input_file_ref idref="fl-6c"/>
      </object_component>
      <object_component id="oc-1ef">
         <name>.text:_setfield</name>
         <load_address>0x1039a</load_address>
         <run_address>0x1039a</run_address>
         <size>0x262</size>
         <input_file_ref idref="fl-58"/>
      </object_component>
      <object_component id="oc-1e5">
         <name>.text:__TI_printfi</name>
         <load_address>0x105fc</load_address>
         <run_address>0x105fc</run_address>
         <size>0x202</size>
         <input_file_ref idref="fl-58"/>
      </object_component>
      <object_component id="oc-1f7">
         <name>.text:_pproc_fgea</name>
         <load_address>0x107fe</load_address>
         <run_address>0x107fe</run_address>
         <size>0x1ba</size>
         <input_file_ref idref="fl-58"/>
      </object_component>
      <object_component id="oc-1fa">
         <name>.text:_getarg_diouxp</name>
         <load_address>0x109b8</load_address>
         <run_address>0x109b8</run_address>
         <size>0x188</size>
         <input_file_ref idref="fl-58"/>
      </object_component>
      <object_component id="oc-209">
         <name>.text:acvt</name>
         <load_address>0x10b40</load_address>
         <run_address>0x10b40</run_address>
         <size>0x184</size>
         <input_file_ref idref="fl-58"/>
      </object_component>
      <object_component id="oc-203">
         <name>.text:ecvt</name>
         <load_address>0x10cc4</load_address>
         <run_address>0x10cc4</run_address>
         <size>0x174</size>
         <input_file_ref idref="fl-58"/>
      </object_component>
      <object_component id="oc-206">
         <name>.text:fcvt</name>
         <load_address>0x10e38</load_address>
         <run_address>0x10e38</run_address>
         <size>0x162</size>
         <input_file_ref idref="fl-58"/>
      </object_component>
      <object_component id="oc-200">
         <name>.text:_pconv_e</name>
         <load_address>0x10f9a</load_address>
         <run_address>0x10f9a</run_address>
         <size>0x14a</size>
         <input_file_ref idref="fl-58"/>
      </object_component>
      <object_component id="oc-1f6">
         <name>.text:_pproc_diouxp</name>
         <load_address>0x110e4</load_address>
         <run_address>0x110e4</run_address>
         <size>0x148</size>
         <input_file_ref idref="fl-58"/>
      </object_component>
      <object_component id="oc-120">
         <name>.text</name>
         <load_address>0x1122c</load_address>
         <run_address>0x1122c</run_address>
         <size>0x130</size>
         <input_file_ref idref="fl-62"/>
      </object_component>
      <object_component id="oc-201">
         <name>.text:_pconv_a</name>
         <load_address>0x1135c</load_address>
         <run_address>0x1135c</run_address>
         <size>0x120</size>
         <input_file_ref idref="fl-58"/>
      </object_component>
      <object_component id="oc-219">
         <name>.text:_FDscale</name>
         <load_address>0x1147c</load_address>
         <run_address>0x1147c</run_address>
         <size>0x11c</size>
         <input_file_ref idref="fl-74"/>
      </object_component>
      <object_component id="oc-1eb">
         <name>.text:halLcdPrint</name>
         <load_address>0x11598</load_address>
         <run_address>0x11598</run_address>
         <size>0x106</size>
         <input_file_ref idref="fl-4"/>
      </object_component>
      <object_component id="oc-1ee">
         <name>.text:_pproc_fwp</name>
         <load_address>0x1169e</load_address>
         <run_address>0x1169e</run_address>
         <size>0xfa</size>
         <input_file_ref idref="fl-58"/>
      </object_component>
      <object_component id="oc-1fe">
         <name>.text:_pconv_g</name>
         <load_address>0x11798</load_address>
         <run_address>0x11798</run_address>
         <size>0xee</size>
         <input_file_ref idref="fl-58"/>
      </object_component>
      <object_component id="oc-139">
         <name>.text</name>
         <load_address>0x11886</load_address>
         <run_address>0x11886</run_address>
         <size>0xb6</size>
         <input_file_ref idref="fl-67"/>
      </object_component>
      <object_component id="oc-1f0">
         <name>.text:_pproc_str</name>
         <load_address>0x1193c</load_address>
         <run_address>0x1193c</run_address>
         <size>0xa8</size>
         <input_file_ref idref="fl-58"/>
      </object_component>
      <object_component id="oc-1fb">
         <name>.text:_ltostr</name>
         <load_address>0x119e4</load_address>
         <run_address>0x119e4</run_address>
         <size>0x9e</size>
         <input_file_ref idref="fl-58"/>
      </object_component>
      <object_component id="oc-204">
         <name>.text:_ecpy</name>
         <load_address>0x11a82</load_address>
         <run_address>0x11a82</run_address>
         <size>0x94</size>
         <input_file_ref idref="fl-58"/>
      </object_component>
      <object_component id="oc-205">
         <name>.text:_mcpy</name>
         <load_address>0x11b16</load_address>
         <run_address>0x11b16</run_address>
         <size>0x90</size>
         <input_file_ref idref="fl-58"/>
      </object_component>
      <object_component id="oc-1dd">
         <name>.text:halLcdInit</name>
         <load_address>0x11ba6</load_address>
         <run_address>0x11ba6</run_address>
         <size>0x8e</size>
         <input_file_ref idref="fl-4"/>
      </object_component>
      <object_component id="oc-12a">
         <name>.text</name>
         <load_address>0x11c34</load_address>
         <run_address>0x11c34</run_address>
         <size>0x8e</size>
         <input_file_ref idref="fl-64"/>
      </object_component>
      <object_component id="oc-218">
         <name>.text:_FDnorm</name>
         <load_address>0x11cc2</load_address>
         <run_address>0x11cc2</run_address>
         <size>0x8c</size>
         <input_file_ref idref="fl-82"/>
      </object_component>
      <object_component id="oc-202">
         <name>.text:_div</name>
         <load_address>0x11d4e</load_address>
         <run_address>0x11d4e</run_address>
         <size>0x88</size>
         <input_file_ref idref="fl-58"/>
      </object_component>
      <object_component id="oc-20c">
         <name>.text:ltoa</name>
         <load_address>0x11dd6</load_address>
         <run_address>0x11dd6</run_address>
         <size>0x80</size>
         <input_file_ref idref="fl-6e"/>
      </object_component>
      <object_component id="oc-148">
         <name>.text</name>
         <load_address>0x11e56</load_address>
         <run_address>0x11e56</run_address>
         <size>0x7e</size>
         <input_file_ref idref="fl-6a"/>
      </object_component>
      <object_component id="oc-1c8">
         <name>.text:_auto_init_hold_wdt</name>
         <load_address>0x11ed4</load_address>
         <run_address>0x11ed4</run_address>
         <size>0x72</size>
         <input_file_ref idref="fl-57"/>
      </object_component>
      <object_component id="oc-1e9">
         <name>.text:halLcdDrawCurrentBlock</name>
         <load_address>0x11f46</load_address>
         <run_address>0x11f46</run_address>
         <size>0x6c</size>
         <input_file_ref idref="fl-4"/>
      </object_component>
      <object_component id="oc-1ff">
         <name>.text:_pconv_f</name>
         <load_address>0x11fb2</load_address>
         <run_address>0x11fb2</run_address>
         <size>0x6a</size>
         <input_file_ref idref="fl-58"/>
      </object_component>
      <object_component id="oc-143">
         <name>.text</name>
         <load_address>0x1201c</load_address>
         <run_address>0x1201c</run_address>
         <size>0x68</size>
         <input_file_ref idref="fl-69"/>
      </object_component>
      <object_component id="oc-1cc">
         <name>.text:main</name>
         <load_address>0x12084</load_address>
         <run_address>0x12084</run_address>
         <size>0x66</size>
         <input_file_ref idref="fl-2"/>
      </object_component>
      <object_component id="oc-214">
         <name>.text:_FDunscale</name>
         <load_address>0x120ea</load_address>
         <run_address>0x120ea</run_address>
         <size>0x64</size>
         <input_file_ref idref="fl-75"/>
      </object_component>
      <object_component id="oc-1f4">
         <name>.text:atoi</name>
         <load_address>0x1214e</load_address>
         <run_address>0x1214e</run_address>
         <size>0x62</size>
         <input_file_ref idref="fl-5d"/>
      </object_component>
      <object_component id="oc-20e">
         <name>.text:ldexp</name>
         <load_address>0x121b0</load_address>
         <run_address>0x121b0</run_address>
         <size>0x5c</size>
         <input_file_ref idref="fl-6b"/>
      </object_component>
      <object_component id="oc-1d6">
         <name>.text:init_botons</name>
         <load_address>0x1220c</load_address>
         <run_address>0x1220c</run_address>
         <size>0x58</size>
         <input_file_ref idref="fl-2"/>
      </object_component>
      <object_component id="oc-116">
         <name>.text</name>
         <load_address>0x12264</load_address>
         <run_address>0x12264</run_address>
         <size>0x58</size>
         <input_file_ref idref="fl-60"/>
      </object_component>
      <object_component id="oc-207">
         <name>.text:_fcpy</name>
         <load_address>0x122bc</load_address>
         <run_address>0x122bc</run_address>
         <size>0x4e</size>
         <input_file_ref idref="fl-58"/>
      </object_component>
      <object_component id="oc-125">
         <name>.text</name>
         <load_address>0x1230a</load_address>
         <run_address>0x1230a</run_address>
         <size>0x4a</size>
         <input_file_ref idref="fl-63"/>
      </object_component>
      <object_component id="oc-134">
         <name>.text</name>
         <load_address>0x12354</load_address>
         <run_address>0x12354</run_address>
         <size>0x4a</size>
         <input_file_ref idref="fl-66"/>
      </object_component>
      <object_component id="oc-1ed">
         <name>.text:_pproc_fflags</name>
         <load_address>0x1239e</load_address>
         <run_address>0x1239e</run_address>
         <size>0x46</size>
         <input_file_ref idref="fl-58"/>
      </object_component>
      <object_component id="oc-1df">
         <name>.text:halLcdSetBackLight</name>
         <load_address>0x123e4</load_address>
         <run_address>0x123e4</run_address>
         <size>0x46</size>
         <input_file_ref idref="fl-4"/>
      </object_component>
      <object_component id="oc-1db">
         <name>.text:sprintf</name>
         <load_address>0x1242a</load_address>
         <run_address>0x1242a</run_address>
         <size>0x44</size>
         <input_file_ref idref="fl-55"/>
      </object_component>
      <object_component id="oc-1e6">
         <name>.text:halLcdSendCommand</name>
         <load_address>0x1246e</load_address>
         <run_address>0x1246e</run_address>
         <size>0x42</size>
         <input_file_ref idref="fl-4"/>
      </object_component>
      <object_component id="oc-190">
         <name>.text</name>
         <load_address>0x124b0</load_address>
         <run_address>0x124b0</run_address>
         <size>0x40</size>
         <input_file_ref idref="fl-79"/>
      </object_component>
      <object_component id="oc-210">
         <name>.text:incr_hex</name>
         <load_address>0x124f0</load_address>
         <run_address>0x124f0</run_address>
         <size>0x3e</size>
         <input_file_ref idref="fl-58"/>
      </object_component>
      <object_component id="oc-212">
         <name>.text:__lslll</name>
         <load_address>0x1252e</load_address>
         <run_address>0x1252e</run_address>
         <size>0x3a</size>
         <input_file_ref idref="fl-6c"/>
      </object_component>
      <object_component id="oc-20a">
         <name>.text:__lsrll</name>
         <load_address>0x12568</load_address>
         <run_address>0x12568</run_address>
         <size>0x3a</size>
         <input_file_ref idref="fl-6c"/>
      </object_component>
      <object_component id="oc-1fd">
         <name>.text:_FDclass</name>
         <load_address>0x125a2</load_address>
         <run_address>0x125a2</run_address>
         <size>0x38</size>
         <input_file_ref idref="fl-5c"/>
      </object_component>
      <object_component id="oc-21c">
         <name>.text:signal</name>
         <load_address>0x125da</load_address>
         <run_address>0x125da</run_address>
         <size>0x38</size>
         <input_file_ref idref="fl-81"/>
      </object_component>
      <object_component id="oc-216">
         <name>.text:_Feraise</name>
         <load_address>0x12612</load_address>
         <run_address>0x12612</run_address>
         <size>0x36</size>
         <input_file_ref idref="fl-76"/>
      </object_component>
      <object_component id="oc-12f">
         <name>.text</name>
         <load_address>0x12648</load_address>
         <run_address>0x12648</run_address>
         <size>0x36</size>
         <input_file_ref idref="fl-65"/>
      </object_component>
      <object_component id="oc-21a">
         <name>.text:feraiseexcept</name>
         <load_address>0x1267e</load_address>
         <run_address>0x1267e</run_address>
         <size>0x34</size>
         <input_file_ref idref="fl-7b"/>
      </object_component>
      <object_component id="oc-1e8">
         <name>.text:halLcdSetAddress</name>
         <load_address>0x126b2</load_address>
         <run_address>0x126b2</run_address>
         <size>0x34</size>
         <input_file_ref idref="fl-4"/>
      </object_component>
      <object_component id="oc-21b">
         <name>.text:raise</name>
         <load_address>0x126e6</load_address>
         <run_address>0x126e6</run_address>
         <size>0x32</size>
         <input_file_ref idref="fl-80"/>
      </object_component>
      <object_component id="oc-208">
         <name>.text:frexp</name>
         <load_address>0x12718</load_address>
         <run_address>0x12718</run_address>
         <size>0x30</size>
         <input_file_ref idref="fl-61"/>
      </object_component>
      <object_component id="oc-1de">
         <name>.text:halLcdBackLightInit</name>
         <load_address>0x12748</load_address>
         <run_address>0x12748</run_address>
         <size>0x2e</size>
         <input_file_ref idref="fl-4"/>
      </object_component>
      <object_component id="oc-1e1">
         <name>.text:halLcdClearScreen</name>
         <load_address>0x12776</load_address>
         <run_address>0x12776</run_address>
         <size>0x24</size>
         <input_file_ref idref="fl-4"/>
      </object_component>
      <object_component id="oc-1e2">
         <name>.text:halLcdPrintLine</name>
         <load_address>0x1279a</load_address>
         <run_address>0x1279a</run_address>
         <size>0x24</size>
         <input_file_ref idref="fl-4"/>
      </object_component>
      <object_component id="oc-1e0">
         <name>.text:halLcdSetContrast</name>
         <load_address>0x127be</load_address>
         <run_address>0x127be</run_address>
         <size>0x22</size>
         <input_file_ref idref="fl-4"/>
      </object_component>
      <object_component id="oc-1e3">
         <name>.text:_outs</name>
         <load_address>0x127e0</load_address>
         <run_address>0x127e0</run_address>
         <size>0x20</size>
         <input_file_ref idref="fl-55"/>
      </object_component>
      <object_component id="oc-20f">
         <name>.text:val_hex</name>
         <load_address>0x12800</load_address>
         <run_address>0x12800</run_address>
         <size>0x20</size>
         <input_file_ref idref="fl-58"/>
      </object_component>
      <object_component id="oc-1e7">
         <name>.text:halLcdActive</name>
         <load_address>0x12820</load_address>
         <run_address>0x12820</run_address>
         <size>0x1e</size>
         <input_file_ref idref="fl-4"/>
      </object_component>
      <object_component id="oc-1d7">
         <name>.text:init_LCD</name>
         <load_address>0x1283e</load_address>
         <run_address>0x1283e</run_address>
         <size>0x1e</size>
         <input_file_ref idref="fl-2"/>
      </object_component>
      <object_component id="oc-1f8">
         <name>.text:memccpy</name>
         <load_address>0x1285c</load_address>
         <run_address>0x1285c</run_address>
         <size>0x1e</size>
         <input_file_ref idref="fl-6f"/>
      </object_component>
      <object_component id="oc-217">
         <name>.text:strchr</name>
         <load_address>0x1287a</load_address>
         <run_address>0x1287a</run_address>
         <size>0x1c</size>
         <input_file_ref idref="fl-59"/>
      </object_component>
      <object_component id="oc-1f5">
         <name>.text:memset</name>
         <load_address>0x12896</load_address>
         <run_address>0x12896</run_address>
         <size>0x16</size>
         <input_file_ref idref="fl-70"/>
      </object_component>
      <object_component id="oc-111">
         <name>.text</name>
         <load_address>0x128ac</load_address>
         <run_address>0x128ac</run_address>
         <size>0x16</size>
         <input_file_ref idref="fl-5f"/>
      </object_component>
      <object_component id="oc-1e4">
         <name>.text:_outc</name>
         <load_address>0x128c2</load_address>
         <run_address>0x128c2</run_address>
         <size>0x14</size>
         <input_file_ref idref="fl-55"/>
      </object_component>
      <object_component id="oc-1c3">
         <name>.text:memcpy</name>
         <load_address>0x128d6</load_address>
         <run_address>0x128d6</run_address>
         <size>0x14</size>
         <input_file_ref idref="fl-51"/>
      </object_component>
      <object_component id="oc-1ea">
         <name>.text</name>
         <load_address>0x128ea</load_address>
         <run_address>0x128ea</run_address>
         <size>0x14</size>
         <input_file_ref idref="fl-53"/>
      </object_component>
      <object_component id="oc-1fc">
         <name>.text:toupper</name>
         <load_address>0x128fe</load_address>
         <run_address>0x128fe</run_address>
         <size>0x12</size>
         <input_file_ref idref="fl-5b"/>
      </object_component>
      <object_component id="oc-211">
         <name>.text:l_lsr</name>
         <load_address>0x12910</load_address>
         <run_address>0x12910</run_address>
         <size>0x10</size>
         <input_file_ref idref="fl-6d"/>
      </object_component>
      <object_component id="oc-1d9">
         <name>.text:config_A1_timer</name>
         <load_address>0x12920</load_address>
         <run_address>0x12920</run_address>
         <size>0xe</size>
         <input_file_ref idref="fl-2"/>
      </object_component>
      <object_component id="oc-1f3">
         <name>.text:halLcdDrawBlock</name>
         <load_address>0x1292e</load_address>
         <run_address>0x1292e</run_address>
         <size>0xe</size>
         <input_file_ref idref="fl-4"/>
      </object_component>
      <object_component id="oc-1ec">
         <name>.text:strlen</name>
         <load_address>0x1293c</load_address>
         <run_address>0x1293c</run_address>
         <size>0xe</size>
         <input_file_ref idref="fl-5a"/>
      </object_component>
      <object_component id="oc-213">
         <name>.text:abs</name>
         <load_address>0x1294a</load_address>
         <run_address>0x1294a</run_address>
         <size>0xa</size>
         <input_file_ref idref="fl-78"/>
      </object_component>
      <object_component id="oc-1d8">
         <name>.text:config_P4_LEDS</name>
         <load_address>0x12954</load_address>
         <run_address>0x12954</run_address>
         <size>0xa</size>
         <input_file_ref idref="fl-2"/>
      </object_component>
      <object_component id="oc-13e">
         <name>.text</name>
         <load_address>0x1295e</load_address>
         <run_address>0x1295e</run_address>
         <size>0xa</size>
         <input_file_ref idref="fl-68"/>
      </object_component>
      <object_component id="oc-c9">
         <name>.text</name>
         <load_address>0x12968</load_address>
         <run_address>0x12968</run_address>
         <size>0xa</size>
         <input_file_ref idref="fl-50"/>
      </object_component>
      <object_component id="oc-1a5">
         <name>.text</name>
         <load_address>0x12972</load_address>
         <run_address>0x12972</run_address>
         <size>0xa</size>
         <input_file_ref idref="fl-7d"/>
      </object_component>
      <object_component id="oc-1da">
         <name>.text:escribir</name>
         <load_address>0x1297c</load_address>
         <run_address>0x1297c</run_address>
         <size>0x8</size>
         <input_file_ref idref="fl-2"/>
      </object_component>
      <object_component id="oc-215">
         <name>.text:_Dscale</name>
         <load_address>0x12984</load_address>
         <run_address>0x12984</run_address>
         <size>0x4</size>
         <input_file_ref idref="fl-72"/>
      </object_component>
      <object_component id="oc-20d">
         <name>.text:_Dunscale</name>
         <load_address>0x12988</load_address>
         <run_address>0x12988</run_address>
         <size>0x4</size>
         <input_file_ref idref="fl-73"/>
      </object_component>
      <object_component id="oc-1c7">
         <name>.text:_system_pre_init</name>
         <load_address>0x1298c</load_address>
         <run_address>0x1298c</run_address>
         <size>0x4</size>
         <input_file_ref idref="fl-54"/>
      </object_component>
      <object_component id="oc-1cd">
         <name>.text:abort</name>
         <load_address>0x12990</load_address>
         <run_address>0x12990</run_address>
         <size>0x4</size>
         <input_file_ref idref="fl-39"/>
      </object_component>
      <object_component id="oc-1dc">
         <name>.text:_nop</name>
         <load_address>0x12994</load_address>
         <run_address>0x12994</run_address>
         <size>0x2</size>
         <input_file_ref idref="fl-4f"/>
      </object_component>
      <object_component id="oc-1c5">
         <name>.text:_isr:Port2_ISR</name>
         <load_address>0x5da4</load_address>
         <run_address>0x5da4</run_address>
         <size>0x5c</size>
         <input_file_ref idref="fl-2"/>
      </object_component>
      <object_component id="oc-88">
         <name>.text:_isr:_c_int00_noargs_noexit</name>
         <load_address>0x5e00</load_address>
         <run_address>0x5e00</run_address>
         <size>0x1a</size>
         <input_file_ref idref="fl-35"/>
      </object_component>
      <object_component id="oc-1c6">
         <name>.text:_isr:Timer1_ISR</name>
         <load_address>0x5e1a</load_address>
         <run_address>0x5e1a</run_address>
         <size>0xa</size>
         <input_file_ref idref="fl-2"/>
      </object_component>
      <object_component id="oc-bf">
         <name>.text:_isr:__TI_ISR_TRAP</name>
         <load_address>0x5e24</load_address>
         <run_address>0x5e24</run_address>
         <size>0x6</size>
         <input_file_ref idref="fl-4e"/>
      </object_component>
      <object_component id="oc-9a">
         <name>.cinit</name>
         <load_address>0x5c00</load_address>
         <run_address>0x5c00</run_address>
         <size>0xb5</size>
         <input_file_ref idref="fl-4"/>
      </object_component>
      <object_component id="oc-90">
         <name>.cinit</name>
         <load_address>0x5cb6</load_address>
         <run_address>0x5cb6</run_address>
         <size>0x62</size>
         <input_file_ref idref="fl-2"/>
      </object_component>
      <object_component id="oc-189">
         <name>.cinit</name>
         <load_address>0x5d18</load_address>
         <run_address>0x5d18</run_address>
         <size>0x50</size>
         <input_file_ref idref="fl-77"/>
      </object_component>
      <object_component id="oc-19b">
         <name>.cinit</name>
         <load_address>0x5d68</load_address>
         <run_address>0x5d68</run_address>
         <size>0x14</size>
         <input_file_ref idref="fl-7b"/>
      </object_component>
      <object_component id="oc-1cf">
         <name>.cinit:_lock</name>
         <load_address>0x5d7c</load_address>
         <run_address>0x5d7c</run_address>
         <size>0xa</size>
         <input_file_ref idref="fl-4f"/>
      </object_component>
      <object_component id="oc-1d5">
         <name>.cinit:_unlock</name>
         <load_address>0x5d86</load_address>
         <run_address>0x5d86</run_address>
         <size>0xa</size>
         <input_file_ref idref="fl-4f"/>
      </object_component>
      <object_component id="oc-1b9">
         <name>.cinit</name>
         <load_address>0x5d90</load_address>
         <run_address>0x5d90</run_address>
         <size>0xa</size>
         <input_file_ref idref="fl-81"/>
      </object_component>
      <object_component id="oc-197">
         <name>.cinit</name>
         <load_address>0x5d9a</load_address>
         <run_address>0x5d9a</run_address>
         <size>0x8</size>
         <input_file_ref idref="fl-7a"/>
      </object_component>
      <object_component id="oc-1f2">
         <name>.const:fonts</name>
         <load_address>0x5e2a</load_address>
         <run_address>0x5e2a</run_address>
         <size>0x854</size>
         <input_file_ref idref="fl-4"/>
      </object_component>
      <object_component id="oc-1f9">
         <name>.const:.string:_ctypes_</name>
         <load_address>0x667e</load_address>
         <run_address>0x667e</run_address>
         <size>0x101</size>
         <input_file_ref idref="fl-5e"/>
      </object_component>
      <object_component id="oc-1f1">
         <name>.const:.string:fonts_lookup</name>
         <load_address>0x6780</load_address>
         <run_address>0x6780</run_address>
         <size>0x89</size>
         <input_file_ref idref="fl-4"/>
      </object_component>
      <object_component id="oc-f1">
         <name>.const:.string</name>
         <load_address>0x680a</load_address>
         <run_address>0x680a</run_address>
         <size>0x26</size>
         <input_file_ref idref="fl-58"/>
      </object_component>
      <object_component id="oc-91">
         <name>.const:.string</name>
         <load_address>0x6830</load_address>
         <run_address>0x6830</run_address>
         <size>0xc</size>
         <input_file_ref idref="fl-2"/>
      </object_component>
      <object_component id="oc-6d">
         <name>.int41</name>
         <load_address>0xffd2</load_address>
         <run_address>0xffd2</run_address>
         <size>0x2</size>
         <input_file_ref idref="fl-3a"/>
      </object_component>
      <object_component id="oc-6e">
         <name>.int42</name>
         <load_address>0xffd4</load_address>
         <run_address>0xffd4</run_address>
         <size>0x2</size>
         <input_file_ref idref="fl-2"/>
      </object_component>
      <object_component id="oc-6f">
         <name>.int43</name>
         <load_address>0xffd6</load_address>
         <run_address>0xffd6</run_address>
         <size>0x2</size>
         <input_file_ref idref="fl-3b"/>
      </object_component>
      <object_component id="oc-70">
         <name>.int44</name>
         <load_address>0xffd8</load_address>
         <run_address>0xffd8</run_address>
         <size>0x2</size>
         <input_file_ref idref="fl-3c"/>
      </object_component>
      <object_component id="oc-71">
         <name>.int45</name>
         <load_address>0xffda</load_address>
         <run_address>0xffda</run_address>
         <size>0x2</size>
         <input_file_ref idref="fl-3d"/>
      </object_component>
      <object_component id="oc-72">
         <name>.int46</name>
         <load_address>0xffdc</load_address>
         <run_address>0xffdc</run_address>
         <size>0x2</size>
         <input_file_ref idref="fl-3e"/>
      </object_component>
      <object_component id="oc-73">
         <name>.int47</name>
         <load_address>0xffde</load_address>
         <run_address>0xffde</run_address>
         <size>0x2</size>
         <input_file_ref idref="fl-3f"/>
      </object_component>
      <object_component id="oc-74">
         <name>.int48</name>
         <load_address>0xffe0</load_address>
         <run_address>0xffe0</run_address>
         <size>0x2</size>
         <input_file_ref idref="fl-40"/>
      </object_component>
      <object_component id="oc-75">
         <name>.int49</name>
         <load_address>0xffe2</load_address>
         <run_address>0xffe2</run_address>
         <size>0x2</size>
         <input_file_ref idref="fl-2"/>
      </object_component>
      <object_component id="oc-76">
         <name>.int50</name>
         <load_address>0xffe4</load_address>
         <run_address>0xffe4</run_address>
         <size>0x2</size>
         <input_file_ref idref="fl-41"/>
      </object_component>
      <object_component id="oc-77">
         <name>.int51</name>
         <load_address>0xffe6</load_address>
         <run_address>0xffe6</run_address>
         <size>0x2</size>
         <input_file_ref idref="fl-42"/>
      </object_component>
      <object_component id="oc-78">
         <name>.int52</name>
         <load_address>0xffe8</load_address>
         <run_address>0xffe8</run_address>
         <size>0x2</size>
         <input_file_ref idref="fl-43"/>
      </object_component>
      <object_component id="oc-79">
         <name>.int53</name>
         <load_address>0xffea</load_address>
         <run_address>0xffea</run_address>
         <size>0x2</size>
         <input_file_ref idref="fl-44"/>
      </object_component>
      <object_component id="oc-7a">
         <name>.int54</name>
         <load_address>0xffec</load_address>
         <run_address>0xffec</run_address>
         <size>0x2</size>
         <input_file_ref idref="fl-45"/>
      </object_component>
      <object_component id="oc-7b">
         <name>.int55</name>
         <load_address>0xffee</load_address>
         <run_address>0xffee</run_address>
         <size>0x2</size>
         <input_file_ref idref="fl-46"/>
      </object_component>
      <object_component id="oc-7c">
         <name>.int56</name>
         <load_address>0xfff0</load_address>
         <run_address>0xfff0</run_address>
         <size>0x2</size>
         <input_file_ref idref="fl-47"/>
      </object_component>
      <object_component id="oc-7d">
         <name>.int57</name>
         <load_address>0xfff2</load_address>
         <run_address>0xfff2</run_address>
         <size>0x2</size>
         <input_file_ref idref="fl-48"/>
      </object_component>
      <object_component id="oc-7e">
         <name>.int58</name>
         <load_address>0xfff4</load_address>
         <run_address>0xfff4</run_address>
         <size>0x2</size>
         <input_file_ref idref="fl-49"/>
      </object_component>
      <object_component id="oc-7f">
         <name>.int59</name>
         <load_address>0xfff6</load_address>
         <run_address>0xfff6</run_address>
         <size>0x2</size>
         <input_file_ref idref="fl-4a"/>
      </object_component>
      <object_component id="oc-80">
         <name>.int60</name>
         <load_address>0xfff8</load_address>
         <run_address>0xfff8</run_address>
         <size>0x2</size>
         <input_file_ref idref="fl-4b"/>
      </object_component>
      <object_component id="oc-81">
         <name>.int61</name>
         <load_address>0xfffa</load_address>
         <run_address>0xfffa</run_address>
         <size>0x2</size>
         <input_file_ref idref="fl-4c"/>
      </object_component>
      <object_component id="oc-82">
         <name>.int62</name>
         <load_address>0xfffc</load_address>
         <run_address>0xfffc</run_address>
         <size>0x2</size>
         <input_file_ref idref="fl-4d"/>
      </object_component>
      <object_component id="oc-a1">
         <name>.reset</name>
         <load_address>0xfffe</load_address>
         <run_address>0xfffe</run_address>
         <size>0x2</size>
         <input_file_ref idref="fl-34"/>
      </object_component>
      <object_component id="oc-8f">
         <name>.debug_info</name>
         <load_address>0x0</load_address>
         <run_address>0x0</run_address>
         <size>0xa0d</size>
         <input_file_ref idref="fl-2"/>
      </object_component>
      <object_component id="oc-96">
         <name>.debug_info</name>
         <load_address>0xa0d</load_address>
         <run_address>0xa0d</run_address>
         <size>0x185</size>
         <input_file_ref idref="fl-3"/>
      </object_component>
      <object_component id="oc-99">
         <name>.debug_info</name>
         <load_address>0xb92</load_address>
         <run_address>0xb92</run_address>
         <size>0xfd1</size>
         <input_file_ref idref="fl-4"/>
      </object_component>
      <object_component id="oc-9f">
         <name>.debug_info</name>
         <load_address>0x1b63</load_address>
         <run_address>0x1b63</run_address>
         <size>0x2ab</size>
         <input_file_ref idref="fl-34"/>
      </object_component>
      <object_component id="oc-a6">
         <name>.debug_info</name>
         <load_address>0x1e0e</load_address>
         <run_address>0x1e0e</run_address>
         <size>0x36d</size>
         <input_file_ref idref="fl-35"/>
      </object_component>
      <object_component id="oc-ab">
         <name>.debug_info</name>
         <load_address>0x217b</load_address>
         <run_address>0x217b</run_address>
         <size>0x2c3</size>
         <input_file_ref idref="fl-36"/>
      </object_component>
      <object_component id="oc-b0">
         <name>.debug_info</name>
         <load_address>0x243e</load_address>
         <run_address>0x243e</run_address>
         <size>0x263</size>
         <input_file_ref idref="fl-37"/>
      </object_component>
      <object_component id="oc-b5">
         <name>.debug_info</name>
         <load_address>0x26a1</load_address>
         <run_address>0x26a1</run_address>
         <size>0x267</size>
         <input_file_ref idref="fl-38"/>
      </object_component>
      <object_component id="oc-ba">
         <name>.debug_info</name>
         <load_address>0x2908</load_address>
         <run_address>0x2908</run_address>
         <size>0x2d9</size>
         <input_file_ref idref="fl-39"/>
      </object_component>
      <object_component id="oc-c0">
         <name>.debug_info</name>
         <load_address>0x2be1</load_address>
         <run_address>0x2be1</run_address>
         <size>0xf3</size>
         <input_file_ref idref="fl-4e"/>
      </object_component>
      <object_component id="oc-c4">
         <name>.debug_info</name>
         <load_address>0x2cd4</load_address>
         <run_address>0x2cd4</run_address>
         <size>0x287</size>
         <input_file_ref idref="fl-4f"/>
      </object_component>
      <object_component id="oc-ca">
         <name>.debug_info</name>
         <load_address>0x2f5b</load_address>
         <run_address>0x2f5b</run_address>
         <size>0xf4</size>
         <input_file_ref idref="fl-50"/>
      </object_component>
      <object_component id="oc-ce">
         <name>.debug_info</name>
         <load_address>0x304f</load_address>
         <run_address>0x304f</run_address>
         <size>0x307</size>
         <input_file_ref idref="fl-51"/>
      </object_component>
      <object_component id="oc-d3">
         <name>.debug_info</name>
         <load_address>0x3356</load_address>
         <run_address>0x3356</run_address>
         <size>0x2b3</size>
         <input_file_ref idref="fl-52"/>
      </object_component>
      <object_component id="oc-d8">
         <name>.debug_info</name>
         <load_address>0x3609</load_address>
         <run_address>0x3609</run_address>
         <size>0xf7</size>
         <input_file_ref idref="fl-53"/>
      </object_component>
      <object_component id="oc-dc">
         <name>.debug_info</name>
         <load_address>0x3700</load_address>
         <run_address>0x3700</run_address>
         <size>0x266</size>
         <input_file_ref idref="fl-54"/>
      </object_component>
      <object_component id="oc-e1">
         <name>.debug_info</name>
         <load_address>0x3966</load_address>
         <run_address>0x3966</run_address>
         <size>0x517</size>
         <input_file_ref idref="fl-55"/>
      </object_component>
      <object_component id="oc-e6">
         <name>.debug_info</name>
         <load_address>0x3e7d</load_address>
         <run_address>0x3e7d</run_address>
         <size>0x2c6</size>
         <input_file_ref idref="fl-56"/>
      </object_component>
      <object_component id="oc-eb">
         <name>.debug_info</name>
         <load_address>0x4143</load_address>
         <run_address>0x4143</run_address>
         <size>0x3fa</size>
         <input_file_ref idref="fl-57"/>
      </object_component>
      <object_component id="oc-f0">
         <name>.debug_info</name>
         <load_address>0x453d</load_address>
         <run_address>0x453d</run_address>
         <size>0x24a2</size>
         <input_file_ref idref="fl-58"/>
      </object_component>
      <object_component id="oc-f6">
         <name>.debug_info</name>
         <load_address>0x69df</load_address>
         <run_address>0x69df</run_address>
         <size>0x378</size>
         <input_file_ref idref="fl-59"/>
      </object_component>
      <object_component id="oc-fb">
         <name>.debug_info</name>
         <load_address>0x6d57</load_address>
         <run_address>0x6d57</run_address>
         <size>0x355</size>
         <input_file_ref idref="fl-5a"/>
      </object_component>
      <object_component id="oc-100">
         <name>.debug_info</name>
         <load_address>0x70ac</load_address>
         <run_address>0x70ac</run_address>
         <size>0x2a4</size>
         <input_file_ref idref="fl-5b"/>
      </object_component>
      <object_component id="oc-105">
         <name>.debug_info</name>
         <load_address>0x7350</load_address>
         <run_address>0x7350</run_address>
         <size>0x2ec</size>
         <input_file_ref idref="fl-5c"/>
      </object_component>
      <object_component id="oc-10a">
         <name>.debug_info</name>
         <load_address>0x763c</load_address>
         <run_address>0x763c</run_address>
         <size>0x2df</size>
         <input_file_ref idref="fl-5d"/>
      </object_component>
      <object_component id="oc-10f">
         <name>.debug_info</name>
         <load_address>0x791b</load_address>
         <run_address>0x791b</run_address>
         <size>0x1c4</size>
         <input_file_ref idref="fl-5e"/>
      </object_component>
      <object_component id="oc-112">
         <name>.debug_info</name>
         <load_address>0x7adf</load_address>
         <run_address>0x7adf</run_address>
         <size>0xf7</size>
         <input_file_ref idref="fl-5f"/>
      </object_component>
      <object_component id="oc-117">
         <name>.debug_info</name>
         <load_address>0x7bd6</load_address>
         <run_address>0x7bd6</run_address>
         <size>0xf9</size>
         <input_file_ref idref="fl-60"/>
      </object_component>
      <object_component id="oc-11b">
         <name>.debug_info</name>
         <load_address>0x7ccf</load_address>
         <run_address>0x7ccf</run_address>
         <size>0x2f5</size>
         <input_file_ref idref="fl-61"/>
      </object_component>
      <object_component id="oc-121">
         <name>.debug_info</name>
         <load_address>0x7fc4</load_address>
         <run_address>0x7fc4</run_address>
         <size>0xfb</size>
         <input_file_ref idref="fl-62"/>
      </object_component>
      <object_component id="oc-126">
         <name>.debug_info</name>
         <load_address>0x80bf</load_address>
         <run_address>0x80bf</run_address>
         <size>0x107</size>
         <input_file_ref idref="fl-63"/>
      </object_component>
      <object_component id="oc-12b">
         <name>.debug_info</name>
         <load_address>0x81c6</load_address>
         <run_address>0x81c6</run_address>
         <size>0xfb</size>
         <input_file_ref idref="fl-64"/>
      </object_component>
      <object_component id="oc-130">
         <name>.debug_info</name>
         <load_address>0x82c1</load_address>
         <run_address>0x82c1</run_address>
         <size>0x104</size>
         <input_file_ref idref="fl-65"/>
      </object_component>
      <object_component id="oc-135">
         <name>.debug_info</name>
         <load_address>0x83c5</load_address>
         <run_address>0x83c5</run_address>
         <size>0x104</size>
         <input_file_ref idref="fl-66"/>
      </object_component>
      <object_component id="oc-13a">
         <name>.debug_info</name>
         <load_address>0x84c9</load_address>
         <run_address>0x84c9</run_address>
         <size>0xfb</size>
         <input_file_ref idref="fl-67"/>
      </object_component>
      <object_component id="oc-13f">
         <name>.debug_info</name>
         <load_address>0x85c4</load_address>
         <run_address>0x85c4</run_address>
         <size>0xfb</size>
         <input_file_ref idref="fl-68"/>
      </object_component>
      <object_component id="oc-144">
         <name>.debug_info</name>
         <load_address>0x86bf</load_address>
         <run_address>0x86bf</run_address>
         <size>0x10d</size>
         <input_file_ref idref="fl-69"/>
      </object_component>
      <object_component id="oc-149">
         <name>.debug_info</name>
         <load_address>0x87cc</load_address>
         <run_address>0x87cc</run_address>
         <size>0x10d</size>
         <input_file_ref idref="fl-6a"/>
      </object_component>
      <object_component id="oc-14d">
         <name>.debug_info</name>
         <load_address>0x88d9</load_address>
         <run_address>0x88d9</run_address>
         <size>0x330</size>
         <input_file_ref idref="fl-6b"/>
      </object_component>
      <object_component id="oc-152">
         <name>.debug_info</name>
         <load_address>0x8c09</load_address>
         <run_address>0x8c09</run_address>
         <size>0x592</size>
         <input_file_ref idref="fl-6c"/>
      </object_component>
      <object_component id="oc-157">
         <name>.debug_info</name>
         <load_address>0x919b</load_address>
         <run_address>0x919b</run_address>
         <size>0xf4</size>
         <input_file_ref idref="fl-6d"/>
      </object_component>
      <object_component id="oc-15b">
         <name>.debug_info</name>
         <load_address>0x928f</load_address>
         <run_address>0x928f</run_address>
         <size>0x3a2</size>
         <input_file_ref idref="fl-6e"/>
      </object_component>
      <object_component id="oc-160">
         <name>.debug_info</name>
         <load_address>0x9631</load_address>
         <run_address>0x9631</run_address>
         <size>0x2e9</size>
         <input_file_ref idref="fl-6f"/>
      </object_component>
      <object_component id="oc-165">
         <name>.debug_info</name>
         <load_address>0x991a</load_address>
         <run_address>0x991a</run_address>
         <size>0x38a</size>
         <input_file_ref idref="fl-70"/>
      </object_component>
      <object_component id="oc-16a">
         <name>.debug_info</name>
         <load_address>0x9ca4</load_address>
         <run_address>0x9ca4</run_address>
         <size>0xc5</size>
         <input_file_ref idref="fl-71"/>
      </object_component>
      <object_component id="oc-16e">
         <name>.debug_info</name>
         <load_address>0x9d69</load_address>
         <run_address>0x9d69</run_address>
         <size>0x2e9</size>
         <input_file_ref idref="fl-72"/>
      </object_component>
      <object_component id="oc-173">
         <name>.debug_info</name>
         <load_address>0xa052</load_address>
         <run_address>0xa052</run_address>
         <size>0x2ee</size>
         <input_file_ref idref="fl-73"/>
      </object_component>
      <object_component id="oc-178">
         <name>.debug_info</name>
         <load_address>0xa340</load_address>
         <run_address>0xa340</run_address>
         <size>0x3e7</size>
         <input_file_ref idref="fl-74"/>
      </object_component>
      <object_component id="oc-17d">
         <name>.debug_info</name>
         <load_address>0xa727</load_address>
         <run_address>0xa727</run_address>
         <size>0x2fa</size>
         <input_file_ref idref="fl-75"/>
      </object_component>
      <object_component id="oc-182">
         <name>.debug_info</name>
         <load_address>0xaa21</load_address>
         <run_address>0xaa21</run_address>
         <size>0x2d2</size>
         <input_file_ref idref="fl-76"/>
      </object_component>
      <object_component id="oc-188">
         <name>.debug_info</name>
         <load_address>0xacf3</load_address>
         <run_address>0xacf3</run_address>
         <size>0x2ea</size>
         <input_file_ref idref="fl-77"/>
      </object_component>
      <object_component id="oc-18b">
         <name>.debug_info</name>
         <load_address>0xafdd</load_address>
         <run_address>0xafdd</run_address>
         <size>0x25d</size>
         <input_file_ref idref="fl-78"/>
      </object_component>
      <object_component id="oc-191">
         <name>.debug_info</name>
         <load_address>0xb23a</load_address>
         <run_address>0xb23a</run_address>
         <size>0x107</size>
         <input_file_ref idref="fl-79"/>
      </object_component>
      <object_component id="oc-196">
         <name>.debug_info</name>
         <load_address>0xb341</load_address>
         <run_address>0xb341</run_address>
         <size>0x1a5</size>
         <input_file_ref idref="fl-7a"/>
      </object_component>
      <object_component id="oc-19a">
         <name>.debug_info</name>
         <load_address>0xb4e6</load_address>
         <run_address>0xb4e6</run_address>
         <size>0x37a</size>
         <input_file_ref idref="fl-7b"/>
      </object_component>
      <object_component id="oc-1a0">
         <name>.debug_info</name>
         <load_address>0xb860</load_address>
         <run_address>0xb860</run_address>
         <size>0x21c</size>
         <input_file_ref idref="fl-7c"/>
      </object_component>
      <object_component id="oc-1a6">
         <name>.debug_info</name>
         <load_address>0xba7c</load_address>
         <run_address>0xba7c</run_address>
         <size>0xf4</size>
         <input_file_ref idref="fl-7d"/>
      </object_component>
      <object_component id="oc-1aa">
         <name>.debug_info</name>
         <load_address>0xbb70</load_address>
         <run_address>0xbb70</run_address>
         <size>0xc7</size>
         <input_file_ref idref="fl-7e"/>
      </object_component>
      <object_component id="oc-1ae">
         <name>.debug_info</name>
         <load_address>0xbc37</load_address>
         <run_address>0xbc37</run_address>
         <size>0xc5</size>
         <input_file_ref idref="fl-7f"/>
      </object_component>
      <object_component id="oc-1b2">
         <name>.debug_info</name>
         <load_address>0xbcfc</load_address>
         <run_address>0xbcfc</run_address>
         <size>0x2e9</size>
         <input_file_ref idref="fl-80"/>
      </object_component>
      <object_component id="oc-1b8">
         <name>.debug_info</name>
         <load_address>0xbfe5</load_address>
         <run_address>0xbfe5</run_address>
         <size>0x332</size>
         <input_file_ref idref="fl-81"/>
      </object_component>
      <object_component id="oc-1be">
         <name>.debug_info</name>
         <load_address>0xc317</load_address>
         <run_address>0xc317</run_address>
         <size>0x29f</size>
         <input_file_ref idref="fl-82"/>
      </object_component>
      <object_component id="oc-27d">
         <name>.debug_info</name>
         <load_address>0xc5b6</load_address>
         <run_address>0xc5b6</run_address>
         <size>0xae</size>
      </object_component>
      <object_component id="oc-92">
         <name>.debug_frame</name>
         <load_address>0x0</load_address>
         <run_address>0x0</run_address>
         <size>0xe6</size>
         <input_file_ref idref="fl-2"/>
      </object_component>
      <object_component id="oc-9b">
         <name>.debug_frame</name>
         <load_address>0xe6</load_address>
         <run_address>0xe6</run_address>
         <size>0x15a</size>
         <input_file_ref idref="fl-4"/>
      </object_component>
      <object_component id="oc-a2">
         <name>.debug_frame</name>
         <load_address>0x240</load_address>
         <run_address>0x240</run_address>
         <size>0x32</size>
         <input_file_ref idref="fl-34"/>
      </object_component>
      <object_component id="oc-a7">
         <name>.debug_frame</name>
         <load_address>0x272</load_address>
         <run_address>0x272</run_address>
         <size>0x42</size>
         <input_file_ref idref="fl-35"/>
      </object_component>
      <object_component id="oc-ac">
         <name>.debug_frame</name>
         <load_address>0x2b4</load_address>
         <run_address>0x2b4</run_address>
         <size>0x32</size>
         <input_file_ref idref="fl-36"/>
      </object_component>
      <object_component id="oc-b1">
         <name>.debug_frame</name>
         <load_address>0x2e6</load_address>
         <run_address>0x2e6</run_address>
         <size>0x32</size>
         <input_file_ref idref="fl-37"/>
      </object_component>
      <object_component id="oc-b6">
         <name>.debug_frame</name>
         <load_address>0x318</load_address>
         <run_address>0x318</run_address>
         <size>0x32</size>
         <input_file_ref idref="fl-38"/>
      </object_component>
      <object_component id="oc-bb">
         <name>.debug_frame</name>
         <load_address>0x34a</load_address>
         <run_address>0x34a</run_address>
         <size>0x47</size>
         <input_file_ref idref="fl-39"/>
      </object_component>
      <object_component id="oc-c5">
         <name>.debug_frame</name>
         <load_address>0x391</load_address>
         <run_address>0x391</run_address>
         <size>0x47</size>
         <input_file_ref idref="fl-4f"/>
      </object_component>
      <object_component id="oc-cf">
         <name>.debug_frame</name>
         <load_address>0x3d8</load_address>
         <run_address>0x3d8</run_address>
         <size>0x47</size>
         <input_file_ref idref="fl-51"/>
      </object_component>
      <object_component id="oc-d4">
         <name>.debug_frame</name>
         <load_address>0x41f</load_address>
         <run_address>0x41f</run_address>
         <size>0x32</size>
         <input_file_ref idref="fl-52"/>
      </object_component>
      <object_component id="oc-dd">
         <name>.debug_frame</name>
         <load_address>0x451</load_address>
         <run_address>0x451</run_address>
         <size>0x47</size>
         <input_file_ref idref="fl-54"/>
      </object_component>
      <object_component id="oc-e2">
         <name>.debug_frame</name>
         <load_address>0x498</load_address>
         <run_address>0x498</run_address>
         <size>0x83</size>
         <input_file_ref idref="fl-55"/>
      </object_component>
      <object_component id="oc-e7">
         <name>.debug_frame</name>
         <load_address>0x51b</load_address>
         <run_address>0x51b</run_address>
         <size>0x32</size>
         <input_file_ref idref="fl-56"/>
      </object_component>
      <object_component id="oc-ec">
         <name>.debug_frame</name>
         <load_address>0x54d</load_address>
         <run_address>0x54d</run_address>
         <size>0x56</size>
         <input_file_ref idref="fl-57"/>
      </object_component>
      <object_component id="oc-f2">
         <name>.debug_frame</name>
         <load_address>0x5a3</load_address>
         <run_address>0x5a3</run_address>
         <size>0x493</size>
         <input_file_ref idref="fl-58"/>
      </object_component>
      <object_component id="oc-f7">
         <name>.debug_frame</name>
         <load_address>0xa36</load_address>
         <run_address>0xa36</run_address>
         <size>0x4b</size>
         <input_file_ref idref="fl-59"/>
      </object_component>
      <object_component id="oc-fc">
         <name>.debug_frame</name>
         <load_address>0xa81</load_address>
         <run_address>0xa81</run_address>
         <size>0x47</size>
         <input_file_ref idref="fl-5a"/>
      </object_component>
      <object_component id="oc-101">
         <name>.debug_frame</name>
         <load_address>0xac8</load_address>
         <run_address>0xac8</run_address>
         <size>0x47</size>
         <input_file_ref idref="fl-5b"/>
      </object_component>
      <object_component id="oc-106">
         <name>.debug_frame</name>
         <load_address>0xb0f</load_address>
         <run_address>0xb0f</run_address>
         <size>0x51</size>
         <input_file_ref idref="fl-5c"/>
      </object_component>
      <object_component id="oc-10b">
         <name>.debug_frame</name>
         <load_address>0xb60</load_address>
         <run_address>0xb60</run_address>
         <size>0x50</size>
         <input_file_ref idref="fl-5d"/>
      </object_component>
      <object_component id="oc-11c">
         <name>.debug_frame</name>
         <load_address>0xbb0</load_address>
         <run_address>0xbb0</run_address>
         <size>0x56</size>
         <input_file_ref idref="fl-61"/>
      </object_component>
      <object_component id="oc-14e">
         <name>.debug_frame</name>
         <load_address>0xc06</load_address>
         <run_address>0xc06</run_address>
         <size>0x4d</size>
         <input_file_ref idref="fl-6b"/>
      </object_component>
      <object_component id="oc-153">
         <name>.debug_frame</name>
         <load_address>0xc53</load_address>
         <run_address>0xc53</run_address>
         <size>0x9e</size>
         <input_file_ref idref="fl-6c"/>
      </object_component>
      <object_component id="oc-15c">
         <name>.debug_frame</name>
         <load_address>0xcf1</load_address>
         <run_address>0xcf1</run_address>
         <size>0x62</size>
         <input_file_ref idref="fl-6e"/>
      </object_component>
      <object_component id="oc-161">
         <name>.debug_frame</name>
         <load_address>0xd53</load_address>
         <run_address>0xd53</run_address>
         <size>0x47</size>
         <input_file_ref idref="fl-6f"/>
      </object_component>
      <object_component id="oc-166">
         <name>.debug_frame</name>
         <load_address>0xd9a</load_address>
         <run_address>0xd9a</run_address>
         <size>0x47</size>
         <input_file_ref idref="fl-70"/>
      </object_component>
      <object_component id="oc-16f">
         <name>.debug_frame</name>
         <load_address>0xde1</load_address>
         <run_address>0xde1</run_address>
         <size>0x47</size>
         <input_file_ref idref="fl-72"/>
      </object_component>
      <object_component id="oc-174">
         <name>.debug_frame</name>
         <load_address>0xe28</load_address>
         <run_address>0xe28</run_address>
         <size>0x47</size>
         <input_file_ref idref="fl-73"/>
      </object_component>
      <object_component id="oc-179">
         <name>.debug_frame</name>
         <load_address>0xe6f</load_address>
         <run_address>0xe6f</run_address>
         <size>0x5a</size>
         <input_file_ref idref="fl-74"/>
      </object_component>
      <object_component id="oc-17e">
         <name>.debug_frame</name>
         <load_address>0xec9</load_address>
         <run_address>0xec9</run_address>
         <size>0x53</size>
         <input_file_ref idref="fl-75"/>
      </object_component>
      <object_component id="oc-183">
         <name>.debug_frame</name>
         <load_address>0xf1c</load_address>
         <run_address>0xf1c</run_address>
         <size>0x50</size>
         <input_file_ref idref="fl-76"/>
      </object_component>
      <object_component id="oc-18c">
         <name>.debug_frame</name>
         <load_address>0xf6c</load_address>
         <run_address>0xf6c</run_address>
         <size>0x47</size>
         <input_file_ref idref="fl-78"/>
      </object_component>
      <object_component id="oc-19c">
         <name>.debug_frame</name>
         <load_address>0xfb3</load_address>
         <run_address>0xfb3</run_address>
         <size>0x50</size>
         <input_file_ref idref="fl-7b"/>
      </object_component>
      <object_component id="oc-1a1">
         <name>.debug_frame</name>
         <load_address>0x1003</load_address>
         <run_address>0x1003</run_address>
         <size>0x32</size>
         <input_file_ref idref="fl-7c"/>
      </object_component>
      <object_component id="oc-1b3">
         <name>.debug_frame</name>
         <load_address>0x1035</load_address>
         <run_address>0x1035</run_address>
         <size>0x53</size>
         <input_file_ref idref="fl-80"/>
      </object_component>
      <object_component id="oc-1ba">
         <name>.debug_frame</name>
         <load_address>0x1088</load_address>
         <run_address>0x1088</run_address>
         <size>0x56</size>
         <input_file_ref idref="fl-81"/>
      </object_component>
      <object_component id="oc-1bf">
         <name>.debug_frame</name>
         <load_address>0x10de</load_address>
         <run_address>0x10de</run_address>
         <size>0x54</size>
         <input_file_ref idref="fl-82"/>
      </object_component>
      <object_component id="oc-93">
         <name>.debug_line</name>
         <load_address>0x0</load_address>
         <run_address>0x0</run_address>
         <size>0x13c</size>
         <input_file_ref idref="fl-2"/>
      </object_component>
      <object_component id="oc-9c">
         <name>.debug_line</name>
         <load_address>0x13c</load_address>
         <run_address>0x13c</run_address>
         <size>0x258</size>
         <input_file_ref idref="fl-4"/>
      </object_component>
      <object_component id="oc-a3">
         <name>.debug_line</name>
         <load_address>0x394</load_address>
         <run_address>0x394</run_address>
         <size>0x27</size>
         <input_file_ref idref="fl-34"/>
      </object_component>
[...]
         <name>i</name>
         <value>0x2c74</value>
         <object_component_ref idref="oc-8e"/>
      </symbol>
      <symbol id="sm-399">
         <name>temps_delay</name>
         <value>0x2c78</value>
         <object_component_ref idref="oc-8e"/>
      </symbol>
      <symbol id="sm-39a">
         <name>contraste</name>
         <value>0x2c6e</value>
         <object_component_ref idref="oc-8e"/>
      </symbol>
      <symbol id="sm-39b">
         <name>saludo</name>
         <value>0x2c38</value>
         <object_component_ref idref="oc-8e"/>
      </symbol>
      <symbol id="sm-39c">
         <name>config_A1_timer</name>
         <value>0x12920</value>
         <object_component_ref idref="oc-1d9"/>
      </symbol>
      <symbol id="sm-39d">
         <name>init_botons</name>
         <value>0x1220c</value>
         <object_component_ref idref="oc-1d6"/>
      </symbol>
      <symbol id="sm-39e">
         <name>escribir</name>
         <value>0x1297c</value>
         <object_component_ref idref="oc-1da"/>
      </symbol>
      <symbol id="sm-39f">
         <name>main</name>
         <value>0x12084</value>
         <object_component_ref idref="oc-1cc"/>
      </symbol>
      <symbol id="sm-3a0">
         <name>Port2_ISR</name>
         <value>0x5da4</value>
         <object_component_ref idref="oc-1c5"/>
      </symbol>
      <symbol id="sm-3a1">
         <name>config_P4_LEDS</name>
         <value>0x12954</value>
         <object_component_ref idref="oc-1d8"/>
      </symbol>
      <symbol id="sm-3a2">
         <name>iluminacion</name>
         <value>0x2c6f</value>
         <object_component_ref idref="oc-8e"/>
      </symbol>
      <symbol id="sm-3a3">
         <name>estado_anterior</name>
         <value>0x2c72</value>
         <object_component_ref idref="oc-8e"/>
      </symbol>
      <symbol id="sm-3a4">
         <name>estado</name>
         <value>0x2c71</value>
         <object_component_ref idref="oc-8e"/>
      </symbol>
      <symbol id="sm-3a5">
         <name>init_LCD</name>
         <value>0x1283e</value>
         <object_component_ref idref="oc-1d7"/>
      </symbol>
      <symbol id="sm-3a6">
         <name>borrado</name>
         <value>0x2c5c</value>
         <object_component_ref idref="oc-8e"/>
      </symbol>
      <symbol id="sm-3a7">
         <name>linea</name>
         <value>0x2c70</value>
         <object_component_ref idref="oc-8e"/>
      </symbol>
      <symbol id="sm-3f3">
         <name>halLcdDrawCurrentBlock</name>
         <value>0x11f46</value>
         <object_component_ref idref="oc-1e9"/>
      </symbol>
      <symbol id="sm-3f4">
         <name>Draw_Block_Address_Macro</name>
         <value>0x1c78</value>
         <object_component_ref idref="oc-98"/>
      </symbol>
      <symbol id="sm-3f5">
         <name>LcdAddress</name>
         <value>0x1c7e</value>
         <object_component_ref idref="oc-98"/>
      </symbol>
      <symbol id="sm-3f6">
         <name>LcdTableAddress</name>
         <value>0x1c80</value>
         <object_component_ref idref="oc-98"/>
      </symbol>
      <symbol id="sm-3f7">
         <name>halLcdSetBackLight</name>
         <value>0x123e4</value>
         <object_component_ref idref="oc-1df"/>
      </symbol>
      <symbol id="sm-3f8">
         <name>halLcdSetContrast</name>
         <value>0x127be</value>
         <object_component_ref idref="oc-1e0"/>
      </symbol>
      <symbol id="sm-3f9">
         <name>Read_Block_Address_Macro</name>
         <value>0x1c6c</value>
         <object_component_ref idref="oc-98"/>
      </symbol>
      <symbol id="sm-3fa">
         <name>LcdInitMacro</name>
         <value>0x1c00</value>
         <object_component_ref idref="oc-98"/>
      </symbol>
      <symbol id="sm-3fb">
         <name>halLcdDrawBlock</name>
         <value>0x1292e</value>
         <object_component_ref idref="oc-1f3"/>
      </symbol>
      <symbol id="sm-3fc">
         <name>halLcdClearScreen</name>
         <value>0x12776</value>
         <object_component_ref idref="oc-1e1"/>
      </symbol>
      <symbol id="sm-3fd">
         <name>Draw_Block_Value_Macro</name>
         <value>0x1c72</value>
         <object_component_ref idref="oc-98"/>
      </symbol>
      <symbol id="sm-3fe">
         <name>halLcdSendCommand</name>
         <value>0x1246e</value>
         <object_component_ref idref="oc-1e6"/>
      </symbol>
      <symbol id="sm-3ff">
         <name>halLcdPrintLine</name>
         <value>0x1279a</value>
         <object_component_ref idref="oc-1e2"/>
      </symbol>
      <symbol id="sm-400">
         <name>halLcdInit</name>
         <value>0x11ba6</value>
         <object_component_ref idref="oc-1dd"/>
      </symbol>
      <symbol id="sm-401">
         <name>halLcdBackLightInit</name>
         <value>0x12748</value>
         <object_component_ref idref="oc-1de"/>
      </symbol>
      <symbol id="sm-402">
         <name>backlight</name>
         <value>0x1c83</value>
         <object_component_ref idref="oc-98"/>
      </symbol>
      <symbol id="sm-403">
         <name>fonts_lookup</name>
         <value>0x6780</value>
         <object_component_ref idref="oc-1f1"/>
      </symbol>
      <symbol id="sm-404">
         <name>contrast</name>
         <value>0x1c82</value>
         <object_component_ref idref="oc-98"/>
      </symbol>
      <symbol id="sm-405">
         <name>halLcdSetAddress</name>
         <value>0x126b2</value>
         <object_component_ref idref="oc-1e8"/>
      </symbol>
      <symbol id="sm-406">
         <name>LCD_MEM</name>
         <value>0x1c84</value>
         <object_component_ref idref="oc-98"/>
      </symbol>
      <symbol id="sm-407">
         <name>fonts</name>
         <value>0x5e2a</value>
         <object_component_ref idref="oc-1f2"/>
      </symbol>
      <symbol id="sm-408">
         <name>halLcdActive</name>
         <value>0x12820</value>
         <object_component_ref idref="oc-1e7"/>
      </symbol>
      <symbol id="sm-409">
         <name>halLcdPrint</name>
         <value>0x11598</value>
         <object_component_ref idref="oc-1eb"/>
      </symbol>
      <symbol id="sm-418">
         <name>_stack</name>
         <value>0x5b60</value>
         <object_component_ref idref="oc-a0"/>
      </symbol>
      <symbol id="sm-419">
         <name>_reset_vector</name>
         <value>0xfffe</value>
         <object_component_ref idref="oc-a1"/>
      </symbol>
      <symbol id="sm-427">
         <name>_c_int00_noargs_noexit</name>
         <value>0x5e00</value>
         <object_component_ref idref="oc-88"/>
      </symbol>
      <symbol id="sm-450">
         <name>C$$EXIT</name>
         <value>0x12990</value>
         <object_component_ref idref="oc-1cd"/>
      </symbol>
      <symbol id="sm-451">
         <name>abort</name>
         <value>0x12990</value>
         <object_component_ref idref="oc-1cd"/>
      </symbol>
      <symbol id="sm-455">
         <name>__TI_int41</name>
         <value>0xffd2</value>
         <object_component_ref idref="oc-6d"/>
      </symbol>
      <symbol id="sm-459">
         <name>__TI_int43</name>
         <value>0xffd6</value>
         <object_component_ref idref="oc-6f"/>
      </symbol>
      <symbol id="sm-45d">
         <name>__TI_int44</name>
         <value>0xffd8</value>
         <object_component_ref idref="oc-70"/>
      </symbol>
      <symbol id="sm-461">
         <name>__TI_int45</name>
         <value>0xffda</value>
         <object_component_ref idref="oc-71"/>
      </symbol>
      <symbol id="sm-465">
         <name>__TI_int46</name>
         <value>0xffdc</value>
         <object_component_ref idref="oc-72"/>
      </symbol>
      <symbol id="sm-469">
         <name>__TI_int47</name>
         <value>0xffde</value>
         <object_component_ref idref="oc-73"/>
      </symbol>
      <symbol id="sm-46d">
         <name>__TI_int48</name>
         <value>0xffe0</value>
         <object_component_ref idref="oc-74"/>
      </symbol>
      <symbol id="sm-471">
         <name>__TI_int50</name>
         <value>0xffe4</value>
         <object_component_ref idref="oc-76"/>
      </symbol>
      <symbol id="sm-475">
         <name>__TI_int51</name>
         <value>0xffe6</value>
         <object_component_ref idref="oc-77"/>
      </symbol>
      <symbol id="sm-479">
         <name>__TI_int52</name>
         <value>0xffe8</value>
         <object_component_ref idref="oc-78"/>
      </symbol>
      <symbol id="sm-47d">
         <name>__TI_int53</name>
         <value>0xffea</value>
         <object_component_ref idref="oc-79"/>
      </symbol>
      <symbol id="sm-481">
         <name>__TI_int54</name>
         <value>0xffec</value>
         <object_component_ref idref="oc-7a"/>
      </symbol>
      <symbol id="sm-485">
         <name>__TI_int55</name>
         <value>0xffee</value>
         <object_component_ref idref="oc-7b"/>
      </symbol>
      <symbol id="sm-489">
         <name>__TI_int56</name>
         <value>0xfff0</value>
         <object_component_ref idref="oc-7c"/>
      </symbol>
      <symbol id="sm-48d">
         <name>__TI_int57</name>
         <value>0xfff2</value>
         <object_component_ref idref="oc-7d"/>
      </symbol>
      <symbol id="sm-491">
         <name>__TI_int58</name>
         <value>0xfff4</value>
         <object_component_ref idref="oc-7e"/>
      </symbol>
      <symbol id="sm-495">
         <name>__TI_int59</name>
         <value>0xfff6</value>
         <object_component_ref idref="oc-7f"/>
      </symbol>
      <symbol id="sm-499">
         <name>__TI_int60</name>
         <value>0xfff8</value>
         <object_component_ref idref="oc-80"/>
      </symbol>
      <symbol id="sm-49d">
         <name>__TI_int61</name>
         <value>0xfffa</value>
         <object_component_ref idref="oc-81"/>
      </symbol>
      <symbol id="sm-4a1">
         <name>__TI_int62</name>
         <value>0xfffc</value>
         <object_component_ref idref="oc-82"/>
      </symbol>
      <symbol id="sm-4ad">
         <name>__TI_ISR_TRAP</name>
         <value>0x5e24</value>
         <object_component_ref idref="oc-bf"/>
      </symbol>
      <symbol id="sm-4c1">
         <name>_nop</name>
         <value>0x12994</value>
         <object_component_ref idref="oc-1dc"/>
      </symbol>
      <symbol id="sm-4c2">
         <name>_lock</name>
         <value>0x2c84</value>
         <object_component_ref idref="oc-1ce"/>
      </symbol>
      <symbol id="sm-4c3">
         <name>_unlock</name>
         <value>0x2c88</value>
         <object_component_ref idref="oc-1d4"/>
      </symbol>
      <symbol id="sm-4d0">
         <name>I_LSL</name>
         <value>0x12968</value>
         <object_component_ref idref="oc-c9"/>
      </symbol>
      <symbol id="sm-4de">
         <name>memcpy</name>
         <value>0x128d6</value>
         <object_component_ref idref="oc-1c3"/>
      </symbol>
      <symbol id="sm-4f5">
         <name>__mpyi_sw</name>
         <value>0x128ea</value>
         <object_component_ref idref="oc-1ea"/>
      </symbol>
      <symbol id="sm-4f6">
         <name>__mpyi</name>
         <value>0x128ea</value>
         <object_component_ref idref="oc-1ea"/>
      </symbol>
      <symbol id="sm-502">
         <name>_system_pre_init</name>
         <value>0x1298c</value>
         <object_component_ref idref="oc-1c7"/>
      </symbol>
      <symbol id="sm-514">
         <name>sprintf</name>
         <value>0x1242a</value>
         <object_component_ref idref="oc-1db"/>
      </symbol>
      <symbol id="sm-530">
         <name>_auto_init_hold_wdt</name>
         <value>0x11ed4</value>
         <object_component_ref idref="oc-1c8"/>
      </symbol>
      <symbol id="sm-671">
         <name>__TI_printfi</name>
         <value>0x105fc</value>
         <object_component_ref idref="oc-1e5"/>
      </symbol>
      <symbol id="sm-680">
         <name>strchr</name>
         <value>0x1287a</value>
         <object_component_ref idref="oc-217"/>
      </symbol>
      <symbol id="sm-68d">
         <name>strlen</name>
         <value>0x1293c</value>
         <object_component_ref idref="oc-1ec"/>
      </symbol>
      <symbol id="sm-69a">
         <name>toupper</name>
         <value>0x128fe</value>
         <object_component_ref idref="oc-1fc"/>
      </symbol>
      <symbol id="sm-6ab">
         <name>_FDclass</name>
         <value>0x125a2</value>
         <object_component_ref idref="oc-1fd"/>
      </symbol>
      <symbol id="sm-6be">
         <name>atoi</name>
         <value>0x1214e</value>
         <object_component_ref idref="oc-1f4"/>
      </symbol>
      <symbol id="sm-6c6">
         <name>_ctypes_</name>
         <value>0x667e</value>
         <object_component_ref idref="oc-1f9"/>
      </symbol>
      <symbol id="sm-6d4">
         <name>__remu</name>
         <value>0x128ac</value>
         <object_component_ref idref="oc-111"/>
      </symbol>
      <symbol id="sm-6d5">
         <name>__divu</name>
         <value>0x128ac</value>
         <object_component_ref idref="oc-111"/>
      </symbol>
      <symbol id="sm-6e8">
         <name>__divul</name>
         <value>0x12264</value>
         <object_component_ref idref="oc-116"/>
      </symbol>
      <symbol id="sm-6e9">
         <name>__remul</name>
         <value>0x12264</value>
         <object_component_ref idref="oc-116"/>
      </symbol>
      <symbol id="sm-6f5">
         <name>frexp</name>
         <value>0x12718</value>
         <object_component_ref idref="oc-208"/>
      </symbol>
      <symbol id="sm-71e">
         <name>__fs_add</name>
         <value>0x11232</value>
         <object_component_ref idref="oc-120"/>
      </symbol>
      <symbol id="sm-71f">
         <name>__fs_sub</name>
         <value>0x1122c</value>
         <object_component_ref idref="oc-120"/>
      </symbol>
      <symbol id="sm-738">
         <name>__fs_cmp</name>
         <value>0x1230a</value>
         <object_component_ref idref="oc-125"/>
      </symbol>
      <symbol id="sm-75c">
         <name>__fs_div</name>
         <value>0x11c34</value>
         <object_component_ref idref="oc-12a"/>
      </symbol>
      <symbol id="sm-773">
         <name>__fs_itof</name>
         <value>0x12648</value>
         <object_component_ref idref="oc-12f"/>
      </symbol>
      <symbol id="sm-78d">
         <name>__fs_ltof</name>
         <value>0x12354</value>
         <object_component_ref idref="oc-134"/>
      </symbol>
      <symbol id="sm-7b7">
         <name>__fs_mpy</name>
         <value>0x11886</value>
         <object_component_ref idref="oc-139"/>
      </symbol>
      <symbol id="sm-7c5">
         <name>__fs_neg</name>
         <value>0x1295e</value>
         <object_component_ref idref="oc-13e"/>
      </symbol>
      <symbol id="sm-7e1">
         <name>__fs_toi</name>
         <value>0x1201c</value>
         <object_component_ref idref="oc-143"/>
      </symbol>
      <symbol id="sm-7ff">
         <name>__fs_tol</name>
         <value>0x11e56</value>
         <object_component_ref idref="oc-148"/>
      </symbol>
      <symbol id="sm-80f">
         <name>ldexp</name>
         <value>0x121b0</value>
         <object_component_ref idref="oc-20e"/>
      </symbol>
      <symbol id="sm-84d">
         <name>__divull</name>
         <value>0x10000</value>
         <object_component_ref idref="oc-20b"/>
      </symbol>
      <symbol id="sm-84e">
         <name>__lslll</name>
         <value>0x1252e</value>
         <object_component_ref idref="oc-212"/>
      </symbol>
      <symbol id="sm-84f">
         <name>__lsrll</name>
         <value>0x12568</value>
         <object_component_ref idref="oc-20a"/>
      </symbol>
      <symbol id="sm-85d">
         <name>L_LSR</name>
         <value>0x12910</value>
         <object_component_ref idref="oc-211"/>
      </symbol>
      <symbol id="sm-86c">
         <name>ltoa</name>
         <value>0x11dd6</value>
         <object_component_ref idref="oc-20c"/>
      </symbol>
      <symbol id="sm-87b">
         <name>memccpy</name>
         <value>0x1285c</value>
         <object_component_ref idref="oc-1f8"/>
      </symbol>
      <symbol id="sm-889">
         <name>memset</name>
         <value>0x12896</value>
         <object_component_ref idref="oc-1f5"/>
      </symbol>
      <symbol id="sm-89e">
         <name>_Dscale</name>
         <value>0x12984</value>
         <object_component_ref idref="oc-215"/>
      </symbol>
      <symbol id="sm-8aa">
         <name>_Dunscale</name>
         <value>0x12988</value>
         <object_component_ref idref="oc-20d"/>
      </symbol>
      <symbol id="sm-8c7">
         <name>_FDscale</name>
         <value>0x1147c</value>
         <object_component_ref idref="oc-219"/>
      </symbol>
      <symbol id="sm-8d9">
         <name>_FDunscale</name>
         <value>0x120ea</value>
         <object_component_ref idref="oc-214"/>
      </symbol>
      <symbol id="sm-8e8">
         <name>_Feraise</name>
         <value>0x12612</value>
         <object_component_ref idref="oc-216"/>
      </symbol>
      <symbol id="sm-8f8">
         <name>_FZero</name>
         <value>0x2c34</value>
         <object_component_ref idref="oc-187"/>
      </symbol>
      <symbol id="sm-8f9">
         <name>_FRteps</name>
         <value>0x2c20</value>
         <object_component_ref idref="oc-187"/>
      </symbol>
      <symbol id="sm-8fa">
         <name>_FSnan</name>
         <value>0x2c10</value>
         <object_component_ref idref="oc-187"/>
      </symbol>
      <symbol id="sm-8fb">
         <name>_FNan</name>
         <value>0x2c00</value>
         <object_component_ref idref="oc-187"/>
      </symbol>
      <symbol id="sm-8fc">
         <name>_FInf</name>
         <value>0x2bf0</value>
         <object_component_ref idref="oc-187"/>
      </symbol>
      <symbol id="sm-8fd">
         <name>_FEps</name>
         <value>0x2be0</value>
         <object_component_ref idref="oc-187"/>
      </symbol>
      <symbol id="sm-8fe">
         <name>_FXbig</name>
         <value>0x2c30</value>
         <object_component_ref idref="oc-187"/>
      </symbol>
      <symbol id="sm-8ff">
         <name>_FDenorm</name>
         <value>0x2bd0</value>
         <object_component_ref idref="oc-187"/>
      </symbol>
      <symbol id="sm-90c">
         <name>abs</name>
         <value>0x1294a</value>
         <object_component_ref idref="oc-213"/>
      </symbol>
      <symbol id="sm-91d">
         <name>__remli</name>
         <value>0x124b0</value>
         <object_component_ref idref="oc-190"/>
      </symbol>
      <symbol id="sm-91e">
         <name>__divli</name>
         <value>0x124b0</value>
         <object_component_ref idref="oc-190"/>
      </symbol>
      <symbol id="sm-928">
         <name>_Errno</name>
         <value>0x2c8c</value>
         <object_component_ref idref="oc-195"/>
      </symbol>
      <symbol id="sm-93b">
         <name>feraiseexcept</name>
         <value>0x1267e</value>
         <object_component_ref idref="oc-21a"/>
      </symbol>
      <symbol id="sm-93c">
         <name>_Tls_setup__Fenv</name>
         <value>0x2c80</value>
         <object_component_ref idref="oc-199"/>
      </symbol>
      <symbol id="sm-93d">
         <name>_Fenv</name>
         <value>0x2c7c</value>
         <object_component_ref idref="oc-199"/>
      </symbol>
      <symbol id="sm-953">
         <name>I_LSR</name>
         <value>0x12972</value>
         <object_component_ref idref="oc-1a5"/>
      </symbol>
      <symbol id="sm-974">
         <name>raise</name>
         <value>0x126e6</value>
         <object_component_ref idref="oc-21b"/>
      </symbol>
      <symbol id="sm-989">
         <name>signal</name>
         <value>0x125da</value>
         <object_component_ref idref="oc-21c"/>
      </symbol>
      <symbol id="sm-99b">
         <name>_FDnorm</name>
         <value>0x11cc2</value>
         <object_component_ref idref="oc-218"/>
      </symbol>
   </symbol_table>
   <title>Link successful</title>
</link_info>
